
> strategic-study-tracker@1.0.0 build
> next build

   笆ｲ Next.js 15.2.1
   - Environments: .env

   Creating an optimized production build ...
npm : 2026-03-04T08:55:01.440Z next:build:w
ebpack-build using separate compiler worker
s
発生場所 行:1 文字:1
+ npm run build > build_output.txt 2>&1
+ ~~~~~~~~~~~~~~~~~~~~~~~~~~~~~~~~~~~~~
    + CategoryInfo          : NotSpecified 
   : (2026-03-04T08:5...ompiler workers:S  
  tring) [], RemoteException
    + FullyQualifiedErrorId : NativeComman 
   dError
 
2026-03-04T08:55:03.271Z next:jsconfig-path
s-plugin tsconfig.json or jsconfig.json pat
hs: { '@/*': [ './src/*' ] }
2026-03-04T08:55:03.274Z next:jsconfig-path
s-plugin resolved baseUrl: {
  baseUrl: 'C:\\Users\\ydi10\\Downloads\\st
udy materials',
  isImplicit: true
}
2026-03-04T08:55:03.290Z next:jsconfig-path
s-plugin tsconfig.json or jsconfig.json pat
hs: { '@/*': [ './src/*' ] }
2026-03-04T08:55:03.291Z next:jsconfig-path
s-plugin resolved baseUrl: {
  baseUrl: 'C:\\Users\\ydi10\\Downloads\\st
udy materials',
  isImplicit: true
}
2026-03-04T08:55:03.332Z next:jsconfig-path
s-plugin tsconfig.json or jsconfig.json pat
hs: { '@/*': [ './src/*' ] }
2026-03-04T08:55:03.333Z next:jsconfig-path
s-plugin resolved baseUrl: {
  baseUrl: 'C:\\Users\\ydi10\\Downloads\\st
udy materials',
  isImplicit: true
}
2026-03-04T08:55:03.445Z next:build:webpack
-build starting compiler server
2026-03-04T08:55:03.445Z next:build:webpack
-build starting server compiler
2026-03-04T08:55:03.951Z next:jsconfig-path
s-plugin moduleName did not match any paths
 pattern next-app-loader
2026-03-04T08:55:03.953Z next:jsconfig-path
s-plugin moduleName did not match any paths
 pattern next-app-loader
2026-03-04T08:55:03.954Z next:jsconfig-path
s-plugin moduleName did not match any paths
 pattern next-app-loader
2026-03-04T08:55:03.954Z next:jsconfig-path
s-plugin moduleName did not match any paths
 pattern next-app-loader
2026-03-04T08:55:03.954Z next:jsconfig-path
s-plugin moduleName did not match any paths
 pattern next-app-loader
2026-03-04T08:55:03.954Z next:jsconfig-path
s-plugin moduleName did not match any paths
 pattern next-route-loader
2026-03-04T08:55:03.997Z next:jsconfig-path
s-plugin moduleName did not match any paths
 pattern next-route-loader
2026-03-04T08:55:03.999Z next:jsconfig-path
s-plugin moduleName did not match any paths
 pattern next-route-loader
2026-03-04T08:55:04.001Z next:jsconfig-path
s-plugin moduleName did not match any paths
 pattern next-route-loader
2026-03-04T08:55:04.004Z next:jsconfig-path
s-plugin moduleName did not match any paths
 pattern next-app-loader
2026-03-04T08:55:04.004Z next:jsconfig-path
s-plugin moduleName did not match any paths
 pattern next-app-loader
2026-03-04T08:55:04.004Z next:jsconfig-path
s-plugin moduleName did not match any paths
 pattern next-app-loader
2026-03-04T08:55:04.004Z next:jsconfig-path
s-plugin moduleName did not match any paths
 pattern next-app-loader
2026-03-04T08:55:04.004Z next:jsconfig-path
s-plugin moduleName did not match any paths
 pattern next-app-loader
2026-03-04T08:55:04.006Z next:jsconfig-path
s-plugin moduleName did not match any paths
 pattern next-app-loader
2026-03-04T08:55:04.006Z next:jsconfig-path
s-plugin moduleName did not match any paths
 pattern next-app-loader
2026-03-04T08:55:04.006Z next:jsconfig-path
s-plugin moduleName did not match any paths
 pattern next-app-loader
2026-03-04T08:55:04.006Z next:jsconfig-path
s-plugin moduleName did not match any paths
 pattern next-app-loader
2026-03-04T08:55:04.006Z next:jsconfig-path
s-plugin moduleName did not match any paths
 pattern next-app-loader
2026-03-04T08:55:04.009Z next:jsconfig-path
s-plugin moduleName did not match any paths
 pattern next-app-loader
2026-03-04T08:55:04.010Z next:jsconfig-path
s-plugin moduleName did not match any paths
 pattern next-app-loader
2026-03-04T08:55:04.010Z next:jsconfig-path
s-plugin moduleName did not match any paths
 pattern next-app-loader
2026-03-04T08:55:04.010Z next:jsconfig-path
s-plugin moduleName did not match any paths
 pattern next-app-loader
2026-03-04T08:55:04.010Z next:jsconfig-path
s-plugin moduleName did not match any paths
 pattern next-app-loader
2026-03-04T08:55:04.039Z next:jsconfig-path
s-plugin moduleName did not match any paths
 pattern @opentelemetry/api
2026-03-04T08:55:04.074Z next:jsconfig-path
s-plugin moduleName did not match any paths
 pattern react-server-dom-webpack/server.ed
ge
2026-03-04T08:55:04.074Z next:jsconfig-path
s-plugin moduleName did not match any paths
 pattern react-server-dom-webpack/static.ed
ge
2026-03-04T08:55:04.075Z next:jsconfig-path
s-plugin moduleName did not match any paths
 pattern @opentelemetry/api
2026-03-04T08:55:04.077Z next:jsconfig-path
s-plugin moduleName did not match any paths
 pattern react-server-dom-webpack/server.ed
ge
2026-03-04T08:55:04.077Z next:jsconfig-path
s-plugin moduleName did not match any paths
 pattern react-server-dom-webpack/static.ed
ge
2026-03-04T08:55:04.098Z next:jsconfig-path
s-plugin moduleName did not match any paths
 pattern react-server-dom-webpack/static.ed
ge
2026-03-04T08:55:04.098Z next:jsconfig-path
s-plugin moduleName did not match any paths
 pattern react-server-dom-webpack/server.ed
ge
2026-03-04T08:55:04.098Z next:jsconfig-path
s-plugin moduleName did not match any paths
 pattern react-server-dom-webpack/client.ed
ge
2026-03-04T08:55:04.099Z next:jsconfig-path
s-plugin moduleName did not match any paths
 pattern react-server-dom-webpack/static.ed
ge
2026-03-04T08:55:04.099Z next:jsconfig-path
s-plugin moduleName did not match any paths
 pattern react-server-dom-webpack/server.ed
ge
2026-03-04T08:55:04.099Z next:jsconfig-path
s-plugin moduleName did not match any paths
 pattern react-server-dom-webpack/client.ed
ge
2026-03-04T08:55:04.138Z next:jsconfig-path
s-plugin moduleName did not match any paths
 pattern @opentelemetry/api
2026-03-04T08:55:04.139Z next:jsconfig-path
s-plugin moduleName did not match any paths
 pattern @opentelemetry/api
2026-03-04T08:55:04.143Z next:jsconfig-path
s-plugin moduleName did not match any paths
 pattern server-only
2026-03-04T08:55:04.163Z next:jsconfig-path
s-plugin moduleName did not match any paths
 pattern server-only
2026-03-04T08:55:04.257Z next:jsconfig-path
s-plugin skipping request as it is inside n
ode_modules ../client/components/navigation
.react-server
2026-03-04T08:55:04.259Z next:jsconfig-path
s-plugin moduleName did not match any paths
 pattern react-server-dom-webpack/server.ed
ge
2026-03-04T08:55:04.259Z next:jsconfig-path
s-plugin skipping request as it is a relati
ve path ./actions
2026-03-04T08:55:04.260Z next:jsconfig-path
s-plugin skipping request as it is a relati
ve path ./actions
2026-03-04T08:55:04.260Z next:jsconfig-path
s-plugin moduleName did not match any paths
 pattern react-server-dom-webpack/server.ed
ge
2026-03-04T08:55:04.262Z next:jsconfig-path
s-plugin moduleName did not match any paths
 pattern react-server-dom-webpack/server.ed
ge
2026-03-04T08:55:04.263Z next:jsconfig-path
s-plugin skipping request as it is an absol
ute path C:\Users\ydi10\Downloads\study mat
erials\src\lib\supabase\server
2026-03-04T08:55:04.263Z next:jsconfig-path
s-plugin skipping request as it is an absol
ute path C:\Users\ydi10\Downloads\study mat
erials\src\components\LogoutButton
2026-03-04T08:55:04.263Z next:jsconfig-path
s-plugin skipping request as it is an absol
ute path C:\Users\ydi10\Downloads\study mat
erials\src\components\TextbookGrid
2026-03-04T08:55:04.263Z next:jsconfig-path
s-plugin skipping request as it is an absol
ute path C:\Users\ydi10\Downloads\study mat
erials\src\components\AddTextbookButton
2026-03-04T08:55:04.263Z next:jsconfig-path
s-plugin skipping request as it is an absol
ute path C:\Users\ydi10\Downloads\study mat
erials\src\lib\supabase\server
2026-03-04T08:55:04.263Z next:jsconfig-path
s-plugin skipping request as it is an absol
ute path C:\Users\ydi10\Downloads\study mat
erials\src\components\PdfViewer
2026-03-04T08:55:04.263Z next:jsconfig-path
s-plugin skipping request as it is an absol
ute path C:\Users\ydi10\Downloads\study mat
erials\src\app\actions
2026-03-04T08:55:04.264Z next:jsconfig-path
s-plugin moduleName did not match any paths
 pattern react-server-dom-webpack/server.ed
ge
2026-03-04T08:55:04.266Z next:jsconfig-path
s-plugin skipping request as it is an absol
ute path C:\Users\ydi10\Downloads\study mat
erials\src\app\actions
2026-03-04T08:55:04.266Z next:jsconfig-path
s-plugin skipping request as it is an absol
ute path C:\Users\ydi10\Downloads\study mat
erials\src\components\DeleteMaterialButton
2026-03-04T08:55:04.266Z next:jsconfig-path
s-plugin skipping request as it is an absol
ute path C:\Users\ydi10\Downloads\study mat
erials\src\components\UploadCoverButton
2026-03-04T08:55:04.266Z next:jsconfig-path
s-plugin skipping request as it is an absol
ute path C:\Users\ydi10\Downloads\study mat
erials\src\components\UploadPdfButton
2026-03-04T08:55:04.266Z next:jsconfig-path
s-plugin skipping request as it is an absol
ute path C:\Users\ydi10\Downloads\study mat
erials\src\components\ManualProgressTracker
2026-03-04T08:55:04.266Z next:jsconfig-path
s-plugin skipping request as it is an absol
ute path C:\Users\ydi10\Downloads\study mat
erials\src\components\TextbookGrid
2026-03-04T08:55:04.266Z next:jsconfig-path
s-plugin skipping request as it is an absol
ute path C:\Users\ydi10\Downloads\study mat
erials\src\components\AddTextbookButton
2026-03-04T08:55:04.268Z next:jsconfig-path
s-plugin skipping request as it is an absol
ute path C:\Users\ydi10\Downloads\study mat
erials\src\app\actions
2026-03-04T08:55:04.268Z next:jsconfig-path
s-plugin skipping request as it is an absol
ute path C:\Users\ydi10\Downloads\study mat
erials\src\app\actions
2026-03-04T08:55:04.269Z next:jsconfig-path
s-plugin skipping request as it is an absol
ute path C:\Users\ydi10\Downloads\study mat
erials\src\components\FilterBar
2026-03-04T08:55:04.269Z next:jsconfig-path
s-plugin skipping request as it is an absol
ute path C:\Users\ydi10\Downloads\study mat
erials\src\components\OnboardingModal
2026-03-04T08:55:04.270Z next:jsconfig-path
s-plugin skipping request as it is an absol
ute path C:\Users\ydi10\Downloads\study mat
erials\src\components\FieldSettings
2026-03-04T08:55:04.270Z next:jsconfig-path
s-plugin skipping request as it is a relati
ve path ./actions
2026-03-04T08:55:04.271Z next:jsconfig-path
s-plugin skipping request as it is a relati
ve path ./actions
2026-03-04T08:55:04.272Z next:jsconfig-path
s-plugin skipping request as it is an absol
ute path C:\Users\ydi10\Downloads\study mat
erials\src\app\actions
2026-03-04T08:55:04.272Z next:jsconfig-path
s-plugin skipping request as it is an absol
ute path C:\Users\ydi10\Downloads\study mat
erials\src\app\actions
2026-03-04T08:55:04.273Z next:jsconfig-path
s-plugin skipping request as it is an absol
ute path C:\Users\ydi10\Downloads\study mat
erials\src\app\actions
2026-03-04T08:55:04.273Z next:jsconfig-path
s-plugin skipping request as it is an absol
ute path C:\Users\ydi10\Downloads\study mat
erials\src\app\actions
2026-03-04T08:55:04.277Z next:jsconfig-path
s-plugin skipping request as it is an absol
ute path C:\Users\ydi10\Downloads\study mat
erials\src\components\LogoutButton
2026-03-04T08:55:04.277Z next:jsconfig-path
s-plugin skipping request as it is an absol
ute path C:\Users\ydi10\Downloads\study mat
erials\src\components\TextbookGrid
2026-03-04T08:55:04.277Z next:jsconfig-path
s-plugin skipping request as it is an absol
ute path C:\Users\ydi10\Downloads\study mat
erials\src\components\AddTextbookButton
2026-03-04T08:55:04.277Z next:jsconfig-path
s-plugin skipping request as it is an absol
ute path C:\Users\ydi10\Downloads\study mat
erials\src\components\FilterBar
2026-03-04T08:55:04.278Z next:jsconfig-path
s-plugin skipping request as it is an absol
ute path C:\Users\ydi10\Downloads\study mat
erials\src\components\OnboardingModal
2026-03-04T08:55:04.278Z next:jsconfig-path
s-plugin skipping request as it is an absol
ute path C:\Users\ydi10\Downloads\study mat
erials\src\components\FieldSettings
2026-03-04T08:55:04.278Z next:jsconfig-path
s-plugin skipping request as it is an absol
ute path C:\Users\ydi10\Downloads\study mat
erials\src\components\PdfViewer
2026-03-04T08:55:04.278Z next:jsconfig-path
s-plugin skipping request as it is an absol
ute path C:\Users\ydi10\Downloads\study mat
erials\src\components\DeleteMaterialButton
2026-03-04T08:55:04.278Z next:jsconfig-path
s-plugin skipping request as it is an absol
ute path C:\Users\ydi10\Downloads\study mat
erials\src\components\UploadCoverButton
2026-03-04T08:55:04.278Z next:jsconfig-path
s-plugin skipping request as it is an absol
ute path C:\Users\ydi10\Downloads\study mat
erials\src\components\UploadPdfButton
2026-03-04T08:55:04.278Z next:jsconfig-path
s-plugin skipping request as it is an absol
ute path C:\Users\ydi10\Downloads\study mat
erials\src\components\ManualProgressTracker
2026-03-04T08:55:04.278Z next:jsconfig-path
s-plugin skipping request as it is an absol
ute path C:\Users\ydi10\Downloads\study mat
erials\src\components\TextbookGrid
2026-03-04T08:55:04.278Z next:jsconfig-path
s-plugin skipping request as it is an absol
ute path C:\Users\ydi10\Downloads\study mat
erials\src\components\AddTextbookButton
2026-03-04T08:55:04.281Z next:jsconfig-path
s-plugin skipping request as it is inside n
ode_modules ../client/components/navigation
.react-server
2026-03-04T08:55:04.282Z next:jsconfig-path
s-plugin skipping request as it is an absol
ute path C:\Users\ydi10\Downloads\study mat
erials\src\lib\supabase\server
2026-03-04T08:55:04.283Z next:jsconfig-path
s-plugin skipping request as it is an absol
ute path C:\Users\ydi10\Downloads\study mat
erials\src\lib\supabase\server
2026-03-04T08:55:04.283Z next:jsconfig-path
s-plugin skipping request as it is an absol
ute path C:\Users\ydi10\Downloads\study mat
erials\src\components\LogoutButton
2026-03-04T08:55:04.284Z next:jsconfig-path
s-plugin skipping request as it is an absol
ute path C:\Users\ydi10\Downloads\study mat
erials\src\components\LogoutButton
2026-03-04T08:55:04.284Z next:jsconfig-path
s-plugin skipping request as it is an absol
ute path C:\Users\ydi10\Downloads\study mat
erials\src\components\TextbookGrid
2026-03-04T08:55:04.284Z next:jsconfig-path
s-plugin skipping request as it is an absol
ute path C:\Users\ydi10\Downloads\study mat
erials\src\components\TextbookGrid
2026-03-04T08:55:04.285Z next:jsconfig-path
s-plugin skipping request as it is an absol
ute path C:\Users\ydi10\Downloads\study mat
erials\src\components\TextbookGrid
2026-03-04T08:55:04.285Z next:jsconfig-path
s-plugin skipping request as it is an absol
ute path C:\Users\ydi10\Downloads\study mat
erials\src\components\TextbookGrid
2026-03-04T08:55:04.287Z next:jsconfig-path
s-plugin skipping request as it is an absol
ute path C:\Users\ydi10\Downloads\study mat
erials\src\components\AddTextbookButton
2026-03-04T08:55:04.287Z next:jsconfig-path
s-plugin skipping request as it is an absol
ute path C:\Users\ydi10\Downloads\study mat
erials\src\components\AddTextbookButton
2026-03-04T08:55:04.287Z next:jsconfig-path
s-plugin skipping request as it is an absol
ute path C:\Users\ydi10\Downloads\study mat
erials\src\components\AddTextbookButton
2026-03-04T08:55:04.288Z next:jsconfig-path
s-plugin skipping request as it is an absol
ute path C:\Users\ydi10\Downloads\study mat
erials\src\components\AddTextbookButton
2026-03-04T08:55:04.288Z next:jsconfig-path
s-plugin skipping request as it is an absol
ute path C:\Users\ydi10\Downloads\study mat
erials\src\components\FilterBar
2026-03-04T08:55:04.289Z next:jsconfig-path
s-plugin skipping request as it is an absol
ute path C:\Users\ydi10\Downloads\study mat
erials\src\components\FilterBar
2026-03-04T08:55:04.290Z next:jsconfig-path
s-plugin skipping request as it is an absol
ute path C:\Users\ydi10\Downloads\study mat
erials\src\components\OnboardingModal
2026-03-04T08:55:04.290Z next:jsconfig-path
s-plugin skipping request as it is an absol
ute path C:\Users\ydi10\Downloads\study mat
erials\src\components\OnboardingModal
2026-03-04T08:55:04.292Z next:jsconfig-path
s-plugin skipping request as it is an absol
ute path C:\Users\ydi10\Downloads\study mat
erials\src\components\FieldSettings
2026-03-04T08:55:04.293Z next:jsconfig-path
s-plugin skipping request as it is an absol
ute path C:\Users\ydi10\Downloads\study mat
erials\src\components\FieldSettings
2026-03-04T08:55:04.293Z next:jsconfig-path
s-plugin skipping request as it is an absol
ute path C:\Users\ydi10\Downloads\study mat
erials\src\components\PdfViewer
2026-03-04T08:55:04.294Z next:jsconfig-path
s-plugin skipping request as it is an absol
ute path C:\Users\ydi10\Downloads\study mat
erials\src\components\PdfViewer
2026-03-04T08:55:04.295Z next:jsconfig-path
s-plugin skipping request as it is an absol
ute path C:\Users\ydi10\Downloads\study mat
erials\src\components\DeleteMaterialButton
2026-03-04T08:55:04.296Z next:jsconfig-path
s-plugin skipping request as it is an absol
ute path C:\Users\ydi10\Downloads\study mat
erials\src\components\DeleteMaterialButton
2026-03-04T08:55:04.296Z next:jsconfig-path
s-plugin skipping request as it is an absol
ute path C:\Users\ydi10\Downloads\study mat
erials\src\components\UploadCoverButton
2026-03-04T08:55:04.297Z next:jsconfig-path
s-plugin skipping request as it is an absol
ute path C:\Users\ydi10\Downloads\study mat
erials\src\components\UploadCoverButton
2026-03-04T08:55:04.298Z next:jsconfig-path
s-plugin skipping request as it is an absol
ute path C:\Users\ydi10\Downloads\study mat
erials\src\components\UploadPdfButton
2026-03-04T08:55:04.298Z next:jsconfig-path
s-plugin skipping request as it is an absol
ute path C:\Users\ydi10\Downloads\study mat
erials\src\components\UploadPdfButton
2026-03-04T08:55:04.300Z next:jsconfig-path
s-plugin skipping request as it is an absol
ute path C:\Users\ydi10\Downloads\study mat
erials\src\components\ManualProgressTracker
2026-03-04T08:55:04.300Z next:jsconfig-path
s-plugin skipping request as it is an absol
ute path C:\Users\ydi10\Downloads\study mat
erials\src\components\ManualProgressTracker
2026-03-04T08:55:04.301Z next:jsconfig-path
s-plugin skipping request as it is an absol
ute path C:\Users\ydi10\Downloads\study mat
erials\src\lib\supabase\server
2026-03-04T08:55:04.301Z next:jsconfig-path
s-plugin skipping request as it is an absol
ute path C:\Users\ydi10\Downloads\study mat
erials\src\lib\supabase\server
2026-03-04T08:55:04.305Z next:jsconfig-path
s-plugin skipping request as it is an absol
ute path C:\Users\ydi10\Downloads\study mat
erials\src\lib\supabase\server
2026-03-04T08:55:04.305Z next:jsconfig-path
s-plugin skipping request as it is an absol
ute path C:\Users\ydi10\Downloads\study mat
erials\src\lib\supabase\server
2026-03-04T08:55:04.318Z next:jsconfig-path
s-plugin moduleName did not match any paths
 pattern react-server-dom-webpack/server.ed
ge
2026-03-04T08:55:04.318Z next:jsconfig-path
s-plugin moduleName did not match any paths
 pattern react-server-dom-webpack/server.ed
ge
2026-03-04T08:55:04.318Z next:jsconfig-path
s-plugin moduleName did not match any paths
 pattern react-server-dom-webpack/server.ed
ge
2026-03-04T08:55:04.319Z next:jsconfig-path
s-plugin moduleName did not match any paths
 pattern react-server-dom-webpack/server.ed
ge
2026-03-04T08:55:04.320Z next:jsconfig-path
s-plugin moduleName did not match any paths
 pattern react-server-dom-webpack/server.ed
ge
2026-03-04T08:55:04.321Z next:jsconfig-path
s-plugin moduleName did not match any paths
 pattern react-server-dom-webpack/server.ed
ge
2026-03-04T08:55:04.322Z next:jsconfig-path
s-plugin moduleName did not match any paths
 pattern react-server-dom-webpack/server.ed
ge
2026-03-04T08:55:04.322Z next:jsconfig-path
s-plugin moduleName did not match any paths
 pattern react-server-dom-webpack/server.ed
ge
2026-03-04T08:55:04.325Z next:jsconfig-path
s-plugin moduleName did not match any paths
 pattern react-server-dom-webpack/server.ed
ge
2026-03-04T08:55:04.326Z next:jsconfig-path
s-plugin moduleName did not match any paths
 pattern react-server-dom-webpack/server.ed
ge
2026-03-04T08:55:04.328Z next:jsconfig-path
s-plugin moduleName did not match any paths
 pattern react-server-dom-webpack/server.ed
ge
2026-03-04T08:55:04.328Z next:jsconfig-path
s-plugin moduleName did not match any paths
 pattern react-server-dom-webpack/server.ed
ge
2026-03-04T08:55:04.331Z next:jsconfig-path
s-plugin moduleName did not match any paths
 pattern react-server-dom-webpack/server.ed
ge
2026-03-04T08:55:04.331Z next:jsconfig-path
s-plugin moduleName did not match any paths
 pattern react-server-dom-webpack/server.ed
ge
2026-03-04T08:55:04.332Z next:jsconfig-path
s-plugin moduleName did not match any paths
 pattern react-server-dom-webpack/server.ed
ge
2026-03-04T08:55:04.332Z next:jsconfig-path
s-plugin moduleName did not match any paths
 pattern react-server-dom-webpack/server.ed
ge
2026-03-04T08:55:04.332Z next:jsconfig-path
s-plugin moduleName did not match any paths
 pattern react-server-dom-webpack/server.ed
ge
2026-03-04T08:55:04.332Z next:jsconfig-path
s-plugin moduleName did not match any paths
 pattern react-server-dom-webpack/server.ed
ge
2026-03-04T08:55:04.332Z next:jsconfig-path
s-plugin moduleName did not match any paths
 pattern react-server-dom-webpack/server.ed
ge
2026-03-04T08:55:04.333Z next:jsconfig-path
s-plugin moduleName did not match any paths
 pattern react-server-dom-webpack/server.ed
ge
2026-03-04T08:55:04.333Z next:jsconfig-path
s-plugin moduleName did not match any paths
 pattern react-server-dom-webpack/server.ed
ge
2026-03-04T08:55:04.333Z next:jsconfig-path
s-plugin moduleName did not match any paths
 pattern react-server-dom-webpack/server.ed
ge
2026-03-04T08:55:04.333Z next:jsconfig-path
s-plugin moduleName did not match any paths
 pattern react-server-dom-webpack/server.ed
ge
2026-03-04T08:55:04.333Z next:jsconfig-path
s-plugin moduleName did not match any paths
 pattern react-server-dom-webpack/server.ed
ge
2026-03-04T08:55:04.333Z next:jsconfig-path
s-plugin moduleName did not match any paths
 pattern react-server-dom-webpack/server.ed
ge
2026-03-04T08:55:04.333Z next:jsconfig-path
s-plugin moduleName did not match any paths
 pattern react-server-dom-webpack/server.ed
ge
2026-03-04T08:55:04.336Z next:jsconfig-path
s-plugin moduleName did not match any paths
 pattern react-server-dom-webpack/server.ed
ge
2026-03-04T08:55:04.336Z next:jsconfig-path
s-plugin moduleName did not match any paths
 pattern react-server-dom-webpack/server.ed
ge
2026-03-04T08:55:04.336Z next:jsconfig-path
s-plugin moduleName did not match any paths
 pattern react-server-dom-webpack/server.ed
ge
2026-03-04T08:55:04.336Z next:jsconfig-path
s-plugin moduleName did not match any paths
 pattern react-server-dom-webpack/server.ed
ge
2026-03-04T08:55:04.336Z next:jsconfig-path
s-plugin moduleName did not match any paths
 pattern react-server-dom-webpack/server.ed
ge
2026-03-04T08:55:04.337Z next:jsconfig-path
s-plugin moduleName did not match any paths
 pattern react-server-dom-webpack/server.ed
ge
2026-03-04T08:55:04.337Z next:jsconfig-path
s-plugin moduleName did not match any paths
 pattern react-server-dom-webpack/server.ed
ge
2026-03-04T08:55:04.337Z next:jsconfig-path
s-plugin moduleName did not match any paths
 pattern react-server-dom-webpack/server.ed
ge
2026-03-04T08:55:04.338Z next:jsconfig-path
s-plugin moduleName did not match any paths
 pattern react-server-dom-webpack/server.ed
ge
2026-03-04T08:55:04.338Z next:jsconfig-path
s-plugin moduleName did not match any paths
 pattern react-server-dom-webpack/server.ed
ge
2026-03-04T08:55:04.338Z next:jsconfig-path
s-plugin moduleName did not match any paths
 pattern react-server-dom-webpack/server.ed
ge
2026-03-04T08:55:04.338Z next:jsconfig-path
s-plugin moduleName did not match any paths
 pattern react-server-dom-webpack/server.ed
ge
2026-03-04T08:55:04.338Z next:jsconfig-path
s-plugin moduleName did not match any paths
 pattern react-server-dom-webpack/server.ed
ge
2026-03-04T08:55:04.339Z next:jsconfig-path
s-plugin moduleName did not match any paths
 pattern react-server-dom-webpack/server.ed
ge
2026-03-04T08:55:04.344Z next:jsconfig-path
s-plugin skipping request as it is an absol
ute path C:\Users\ydi10\Downloads\study mat
erials\src\lib\supabase\server
2026-03-04T08:55:04.344Z next:jsconfig-path
s-plugin skipping request as it is an absol
ute path C:\Users\ydi10\Downloads\study mat
erials\src\lib\supabase\server
2026-03-04T08:55:04.347Z next:jsconfig-path
s-plugin moduleName did not match any paths
 pattern next/cache
2026-03-04T08:55:04.347Z next:jsconfig-path
s-plugin skipping request as it is an absol
ute path C:\Users\ydi10\Downloads\study mat
erials\src\lib\supabase\server
2026-03-04T08:55:04.347Z next:jsconfig-path
s-plugin skipping request as it is an absol
ute path C:\Users\ydi10\Downloads\study mat
erials\src\lib\supabase\server
2026-03-04T08:55:04.354Z next:jsconfig-path
s-plugin skipping request as it is inside n
ode_modules ../server/request/cookies
2026-03-04T08:55:04.354Z next:jsconfig-path
s-plugin skipping request as it is inside n
ode_modules ../server/request/headers
2026-03-04T08:55:04.354Z next:jsconfig-path
s-plugin skipping request as it is inside n
ode_modules ../server/request/draft-mode
2026-03-04T08:55:04.355Z next:jsconfig-path
s-plugin moduleName did not match any paths
 pattern private-next-rsc-action-encryption
2026-03-04T08:55:04.355Z next:jsconfig-path
s-plugin moduleName did not match any paths
 pattern next/cache
2026-03-04T08:55:04.357Z next:jsconfig-path
s-plugin moduleName did not match any paths
 pattern react-server-dom-webpack/server.ed
ge
2026-03-04T08:55:04.357Z next:jsconfig-path
s-plugin moduleName did not match any paths
 pattern react-server-dom-webpack/server.ed
ge
2026-03-04T08:55:04.361Z next:jsconfig-path
s-plugin skipping request as it is inside n
ode_modules ../server/request/cookies
2026-03-04T08:55:04.362Z next:jsconfig-path
s-plugin skipping request as it is inside n
ode_modules ../server/request/headers
2026-03-04T08:55:04.362Z next:jsconfig-path
s-plugin skipping request as it is inside n
ode_modules ../server/request/draft-mode
2026-03-04T08:55:04.367Z next:jsconfig-path
s-plugin moduleName did not match any paths
 pattern private-next-rsc-action-encryption
2026-03-04T08:55:04.368Z next:jsconfig-path
s-plugin moduleName did not match any paths
 pattern private-next-rsc-action-encryption
2026-03-04T08:55:04.369Z next:jsconfig-path
s-plugin moduleName did not match any paths
 pattern private-next-rsc-action-encryption
2026-03-04T08:55:04.380Z next:jsconfig-path
s-plugin moduleName did not match any paths
 pattern react-server-dom-webpack/server.ed
ge
2026-03-04T08:55:04.380Z next:jsconfig-path
s-plugin moduleName did not match any paths
 pattern react-server-dom-webpack/client.ed
ge
2026-03-04T08:55:04.380Z next:jsconfig-path
s-plugin moduleName did not match any paths
 pattern server-only
2026-03-04T08:55:04.381Z next:jsconfig-path
s-plugin moduleName did not match any paths
 pattern react-server-dom-webpack/server.ed
ge
2026-03-04T08:55:04.381Z next:jsconfig-path
s-plugin moduleName did not match any paths
 pattern react-server-dom-webpack/client.ed
ge
2026-03-04T08:55:04.381Z next:jsconfig-path
s-plugin moduleName did not match any paths
 pattern server-only
2026-03-04T08:55:04.385Z next:jsconfig-path
s-plugin skipping request as it is inside n
ode_modules ./createBrowserClient
2026-03-04T08:55:04.385Z next:jsconfig-path
s-plugin skipping request as it is inside n
ode_modules ./createServerClient
2026-03-04T08:55:04.385Z next:jsconfig-path
s-plugin skipping request as it is inside n
ode_modules ./types
2026-03-04T08:55:04.385Z next:jsconfig-path
s-plugin skipping request as it is inside n
ode_modules ./utils
2026-03-04T08:55:04.385Z next:jsconfig-path
s-plugin skipping request as it is inside n
ode_modules ./createBrowserClient
2026-03-04T08:55:04.386Z next:jsconfig-path
s-plugin skipping request as it is inside n
ode_modules ./createServerClient
2026-03-04T08:55:04.387Z next:jsconfig-path
s-plugin skipping request as it is inside n
ode_modules ./types
2026-03-04T08:55:04.388Z next:jsconfig-path
s-plugin skipping request as it is inside n
ode_modules ./utils
2026-03-04T08:55:04.390Z next:jsconfig-path
s-plugin skipping request as it is inside n
ode_modules ./utils
2026-03-04T08:55:04.390Z next:jsconfig-path
s-plugin skipping request as it is inside n
ode_modules ./utils
2026-03-04T08:55:04.391Z next:jsconfig-path
s-plugin skipping request as it is inside n
ode_modules ./version
2026-03-04T08:55:04.391Z next:jsconfig-path
s-plugin skipping request as it is inside n
ode_modules ./version
2026-03-04T08:55:04.391Z next:jsconfig-path
s-plugin skipping request as it is inside n
ode_modules ./cookies
2026-03-04T08:55:04.391Z next:jsconfig-path
s-plugin skipping request as it is inside n
ode_modules ./cookies
2026-03-04T08:55:04.391Z next:jsconfig-path
s-plugin skipping request as it is inside n
ode_modules ./utils/helpers
2026-03-04T08:55:04.392Z next:jsconfig-path
s-plugin skipping request as it is inside n
ode_modules ./version
2026-03-04T08:55:04.392Z next:jsconfig-path
s-plugin skipping request as it is inside n
ode_modules ./version
2026-03-04T08:55:04.394Z next:jsconfig-path
s-plugin skipping request as it is inside n
ode_modules ./cookies
2026-03-04T08:55:04.394Z next:jsconfig-path
s-plugin skipping request as it is inside n
ode_modules ./cookies
2026-03-04T08:55:04.395Z next:jsconfig-path
s-plugin skipping request as it is inside n
ode_modules ./helpers
2026-03-04T08:55:04.395Z next:jsconfig-path
s-plugin skipping request as it is inside n
ode_modules ./constants
2026-03-04T08:55:04.395Z next:jsconfig-path
s-plugin skipping request as it is inside n
ode_modules ./chunker
2026-03-04T08:55:04.395Z next:jsconfig-path
s-plugin skipping request as it is inside n
ode_modules ./base64url
2026-03-04T08:55:04.396Z next:jsconfig-path
s-plugin skipping request as it is inside n
ode_modules ./utils/helpers
2026-03-04T08:55:04.396Z next:jsconfig-path
s-plugin skipping request as it is inside n
ode_modules ./helpers
2026-03-04T08:55:04.397Z next:jsconfig-path
s-plugin skipping request as it is inside n
ode_modules ./constants
2026-03-04T08:55:04.398Z next:jsconfig-path
s-plugin skipping request as it is inside n
ode_modules ./chunker
2026-03-04T08:55:04.398Z next:jsconfig-path
s-plugin skipping request as it is inside n
ode_modules ./base64url
2026-03-04T08:55:04.399Z next:jsconfig-path
s-plugin skipping request as it is inside n
ode_modules ./utils
2026-03-04T08:55:04.399Z next:jsconfig-path
s-plugin skipping request as it is inside n
ode_modules ./utils
2026-03-04T08:55:04.414Z next:jsconfig-path
s-plugin skipping request as it is inside n
ode_modules ./FunctionsClient
2026-03-04T08:55:04.414Z next:jsconfig-path
s-plugin skipping request as it is inside n
ode_modules ./types
2026-03-04T08:55:04.414Z next:jsconfig-path
s-plugin skipping request as it is inside n
ode_modules ./RealtimeClient
2026-03-04T08:55:04.414Z next:jsconfig-path
s-plugin skipping request as it is inside n
ode_modules ./RealtimeChannel
2026-03-04T08:55:04.414Z next:jsconfig-path
s-plugin skipping request as it is inside n
ode_modules ./RealtimePresence
2026-03-04T08:55:04.414Z next:jsconfig-path
s-plugin skipping request as it is inside n
ode_modules ./lib/websocket-factory
2026-03-04T08:55:04.415Z next:jsconfig-path
s-plugin skipping request as it is inside n
ode_modules ./GoTrueAdminApi
2026-03-04T08:55:04.415Z next:jsconfig-path
s-plugin skipping request as it is inside n
ode_modules ./GoTrueClient
2026-03-04T08:55:04.415Z next:jsconfig-path
s-plugin skipping request as it is inside n
ode_modules ./AuthAdminApi
2026-03-04T08:55:04.415Z next:jsconfig-path
s-plugin skipping request as it is inside n
ode_modules ./AuthClient
2026-03-04T08:55:04.415Z next:jsconfig-path
s-plugin skipping request as it is inside n
ode_modules ./lib/types
2026-03-04T08:55:04.415Z next:jsconfig-path
s-plugin skipping request as it is inside n
ode_modules ./lib/errors
2026-03-04T08:55:04.415Z next:jsconfig-path
s-plugin skipping request as it is inside n
ode_modules ./lib/locks
2026-03-04T08:55:04.415Z next:jsconfig-path
s-plugin skipping request as it is inside n
ode_modules ./FunctionsClient
2026-03-04T08:55:04.416Z next:jsconfig-path
s-plugin skipping request as it is inside n
ode_modules ./types
2026-03-04T08:55:04.416Z next:jsconfig-path
s-plugin skipping request as it is inside n
ode_modules ./RealtimeClient
2026-03-04T08:55:04.417Z next:jsconfig-path
s-plugin skipping request as it is inside n
ode_modules ./RealtimeChannel
2026-03-04T08:55:04.418Z next:jsconfig-path
s-plugin skipping request as it is inside n
ode_modules ./RealtimePresence
2026-03-04T08:55:04.418Z next:jsconfig-path
s-plugin skipping request as it is inside n
ode_modules ./GoTrueAdminApi
2026-03-04T08:55:04.419Z next:jsconfig-path
s-plugin skipping request as it is inside n
ode_modules ./AuthAdminApi
2026-03-04T08:55:04.420Z next:jsconfig-path
s-plugin skipping request as it is inside n
ode_modules ./AuthClient
2026-03-04T08:55:04.420Z next:jsconfig-path
s-plugin skipping request as it is inside n
ode_modules ./GoTrueClient
2026-03-04T08:55:04.422Z next:jsconfig-path
s-plugin skipping request as it is inside n
ode_modules ./lib/websocket-factory
2026-03-04T08:55:04.422Z next:jsconfig-path
s-plugin skipping request as it is inside n
ode_modules ./lib/types
2026-03-04T08:55:04.423Z next:jsconfig-path
s-plugin skipping request as it is inside n
ode_modules ./lib/locks
2026-03-04T08:55:04.424Z next:jsconfig-path
s-plugin skipping request as it is inside n
ode_modules ./lib/errors
2026-03-04T08:55:04.425Z next:jsconfig-path
s-plugin skipping request as it is inside n
ode_modules ./types
2026-03-04T08:55:04.425Z next:jsconfig-path
s-plugin skipping request as it is inside n
ode_modules ./types
2026-03-04T08:55:04.426Z next:jsconfig-path
s-plugin skipping request as it is inside n
ode_modules ./helper
2026-03-04T08:55:04.427Z next:jsconfig-path
s-plugin skipping request as it is inside n
ode_modules ./lib/websocket-factory
2026-03-04T08:55:04.428Z next:jsconfig-path
s-plugin skipping request as it is inside n
ode_modules ./RealtimeChannel
2026-03-04T08:55:04.428Z next:jsconfig-path
s-plugin skipping request as it is inside n
ode_modules ./RealtimePresence
2026-03-04T08:55:04.428Z next:jsconfig-path
s-plugin skipping request as it is inside n
ode_modules ./lib/types
2026-03-04T08:55:04.428Z next:jsconfig-path
s-plugin skipping request as it is inside n
ode_modules ./lib/errors
2026-03-04T08:55:04.428Z next:jsconfig-path
s-plugin skipping request as it is inside n
ode_modules ./GoTrueAdminApi
2026-03-04T08:55:04.428Z next:jsconfig-path
s-plugin skipping request as it is inside n
ode_modules ./GoTrueClient
2026-03-04T08:55:04.428Z next:jsconfig-path
s-plugin skipping request as it is inside n
ode_modules ./GoTrueAdminApi
2026-03-04T08:55:04.428Z next:jsconfig-path
s-plugin skipping request as it is inside n
ode_modules ./lib/errors
2026-03-04T08:55:04.428Z next:jsconfig-path
s-plugin skipping request as it is inside n
ode_modules ./lib/locks
2026-03-04T08:55:04.428Z next:jsconfig-path
s-plugin skipping request as it is inside n
ode_modules ./RealtimeChannel
2026-03-04T08:55:04.428Z next:jsconfig-path
s-plugin skipping request as it is inside n
ode_modules ./RealtimePresence
2026-03-04T08:55:04.428Z next:jsconfig-path
s-plugin skipping request as it is inside n
ode_modules ./GoTrueAdminApi
2026-03-04T08:55:04.428Z next:jsconfig-path
s-plugin skipping request as it is inside n
ode_modules ./GoTrueClient
2026-03-04T08:55:04.429Z next:jsconfig-path
s-plugin skipping request as it is inside n
ode_modules ./GoTrueAdminApi
2026-03-04T08:55:04.429Z next:jsconfig-path
s-plugin skipping request as it is inside n
ode_modules ./lib/websocket-factory
2026-03-04T08:55:04.429Z next:jsconfig-path
s-plugin skipping request as it is inside n
ode_modules ./lib/types
2026-03-04T08:55:04.429Z next:jsconfig-path
s-plugin skipping request as it is inside n
ode_modules ./lib/errors
2026-03-04T08:55:04.429Z next:jsconfig-path
s-plugin skipping request as it is inside n
ode_modules ./lib/errors
2026-03-04T08:55:04.429Z next:jsconfig-path
s-plugin skipping request as it is inside n
ode_modules ./lib/locks
2026-03-04T08:55:04.433Z next:jsconfig-path
s-plugin skipping request as it is inside n
ode_modules ./lib/constants
2026-03-04T08:55:04.433Z next:jsconfig-path
s-plugin skipping request as it is inside n
ode_modules ./lib/constants
2026-03-04T08:55:04.433Z next:jsconfig-path
s-plugin skipping request as it is inside n
ode_modules ./lib/serializer
2026-03-04T08:55:04.434Z next:jsconfig-path
s-plugin skipping request as it is inside n
ode_modules ./lib/timer
2026-03-04T08:55:04.434Z next:jsconfig-path
s-plugin skipping request as it is inside n
ode_modules ./lib/timer
2026-03-04T08:55:04.434Z next:jsconfig-path
s-plugin skipping request as it is inside n
ode_modules ./lib/transformers
2026-03-04T08:55:04.434Z next:jsconfig-path
s-plugin skipping request as it is inside n
ode_modules ./lib/transformers
2026-03-04T08:55:04.434Z next:jsconfig-path
s-plugin skipping request as it is inside n
ode_modules ./lib/push
2026-03-04T08:55:04.434Z next:jsconfig-path
s-plugin skipping request as it is inside n
ode_modules ./lib/fetch
2026-03-04T08:55:04.434Z next:jsconfig-path
s-plugin skipping request as it is inside n
ode_modules ./lib/fetch
2026-03-04T08:55:04.434Z next:jsconfig-path
s-plugin skipping request as it is inside n
ode_modules ./lib/helpers
2026-03-04T08:55:04.434Z next:jsconfig-path
s-plugin skipping request as it is inside n
ode_modules ./lib/helpers
2026-03-04T08:55:04.434Z next:jsconfig-path
s-plugin skipping request as it is inside n
ode_modules ./lib/constants
2026-03-04T08:55:04.434Z next:jsconfig-path
s-plugin skipping request as it is inside n
ode_modules ./lib/local-storage
2026-03-04T08:55:04.434Z next:jsconfig-path
s-plugin skipping request as it is inside n
ode_modules ./lib/polyfills
2026-03-04T08:55:04.434Z next:jsconfig-path
s-plugin skipping request as it is inside n
ode_modules ./lib/version
2026-03-04T08:55:04.434Z next:jsconfig-path
s-plugin skipping request as it is inside n
ode_modules ./lib/base64url
2026-03-04T08:55:04.434Z next:jsconfig-path
s-plugin skipping request as it is inside n
ode_modules ./lib/web3/ethereum
2026-03-04T08:55:04.434Z next:jsconfig-path
s-plugin skipping request as it is inside n
ode_modules ./lib/webauthn
2026-03-04T08:55:04.435Z next:jsconfig-path
s-plugin skipping request as it is inside n
ode_modules ./helper
2026-03-04T08:55:04.436Z next:jsconfig-path
s-plugin skipping request as it is inside n
ode_modules ./lib/constants
2026-03-04T08:55:04.436Z next:jsconfig-path
s-plugin skipping request as it is inside n
ode_modules ./lib/constants
2026-03-04T08:55:04.437Z next:jsconfig-path
s-plugin skipping request as it is inside n
ode_modules ./lib/serializer
2026-03-04T08:55:04.438Z next:jsconfig-path
s-plugin skipping request as it is inside n
ode_modules ./lib/timer
2026-03-04T08:55:04.438Z next:jsconfig-path
s-plugin skipping request as it is inside n
ode_modules ./lib/timer
2026-03-04T08:55:04.439Z next:jsconfig-path
s-plugin skipping request as it is inside n
ode_modules ./lib/push
2026-03-04T08:55:04.440Z next:jsconfig-path
s-plugin skipping request as it is inside n
ode_modules ./lib/transformers
2026-03-04T08:55:04.440Z next:jsconfig-path
s-plugin skipping request as it is inside n
ode_modules ./lib/transformers
2026-03-04T08:55:04.441Z next:jsconfig-path
s-plugin skipping request as it is inside n
ode_modules ./lib/fetch
2026-03-04T08:55:04.441Z next:jsconfig-path
s-plugin skipping request as it is inside n
ode_modules ./lib/fetch
2026-03-04T08:55:04.442Z next:jsconfig-path
s-plugin skipping request as it is inside n
ode_modules ./lib/helpers
2026-03-04T08:55:04.442Z next:jsconfig-path
s-plugin skipping request as it is inside n
ode_modules ./lib/helpers
2026-03-04T08:55:04.443Z next:jsconfig-path
s-plugin skipping request as it is inside n
ode_modules ./lib/constants
2026-03-04T08:55:04.444Z next:jsconfig-path
s-plugin skipping request as it is inside n
ode_modules ./lib/local-storage
2026-03-04T08:55:04.444Z next:jsconfig-path
s-plugin skipping request as it is inside n
ode_modules ./lib/version
2026-03-04T08:55:04.445Z next:jsconfig-path
s-plugin skipping request as it is inside n
ode_modules ./lib/base64url
2026-03-04T08:55:04.446Z next:jsconfig-path
s-plugin skipping request as it is inside n
ode_modules ./lib/webauthn
2026-03-04T08:55:04.446Z next:jsconfig-path
s-plugin skipping request as it is inside n
ode_modules ./lib/polyfills
2026-03-04T08:55:04.448Z next:jsconfig-path
s-plugin skipping request as it is inside n
ode_modules ./helpers
2026-03-04T08:55:04.448Z next:jsconfig-path
s-plugin skipping request as it is inside n
ode_modules ./helpers
2026-03-04T08:55:04.450Z next:jsconfig-path
s-plugin skipping request as it is inside n
ode_modules ./lib/web3/ethereum
2026-03-04T08:55:04.451Z next:jsconfig-path
s-plugin skipping request as it is inside n
ode_modules ./helpers
2026-03-04T08:55:04.452Z next:jsconfig-path
s-plugin skipping request as it is inside n
ode_modules ./helpers
2026-03-04T08:55:04.452Z next:jsconfig-path
s-plugin skipping request as it is inside n
ode_modules ./helpers
2026-03-04T08:55:04.452Z next:jsconfig-path
s-plugin skipping request as it is inside n
ode_modules ./helpers
2026-03-04T08:55:04.453Z next:jsconfig-path
s-plugin skipping request as it is inside n
ode_modules ./version
2026-03-04T08:55:04.453Z next:jsconfig-path
s-plugin skipping request as it is inside n
ode_modules ../lib/constants
2026-03-04T08:55:04.453Z next:jsconfig-path
s-plugin skipping request as it is inside n
ode_modules ./constants
2026-03-04T08:55:04.453Z next:jsconfig-path
s-plugin skipping request as it is inside n
ode_modules ./constants
2026-03-04T08:55:04.453Z next:jsconfig-path
s-plugin skipping request as it is inside n
ode_modules ./errors
2026-03-04T08:55:04.453Z next:jsconfig-path
s-plugin skipping request as it is inside n
ode_modules ./errors
2026-03-04T08:55:04.453Z next:jsconfig-path
s-plugin skipping request as it is inside n
ode_modules ./errors
2026-03-04T08:55:04.453Z next:jsconfig-path
s-plugin skipping request as it is inside n
ode_modules ./base64url
2026-03-04T08:55:04.453Z next:jsconfig-path
s-plugin skipping request as it is inside n
ode_modules ./base64url
2026-03-04T08:55:04.453Z next:jsconfig-path
s-plugin skipping request as it is inside n
ode_modules ./version
2026-03-04T08:55:04.453Z next:jsconfig-path
s-plugin skipping request as it is inside n
ode_modules ./webauthn.errors
2026-03-04T08:55:04.454Z next:jsconfig-path
s-plugin skipping request as it is inside n
ode_modules ../lib/constants
2026-03-04T08:55:04.454Z next:jsconfig-path
s-plugin skipping request as it is inside n
ode_modules ./constants
2026-03-04T08:55:04.454Z next:jsconfig-path
s-plugin skipping request as it is inside n
ode_modules ./constants
2026-03-04T08:55:04.454Z next:jsconfig-path
s-plugin skipping request as it is inside n
ode_modules ./errors
2026-03-04T08:55:04.454Z next:jsconfig-path
s-plugin skipping request as it is inside n
ode_modules ./errors
2026-03-04T08:55:04.454Z next:jsconfig-path
s-plugin skipping request as it is inside n
ode_modules ./errors
2026-03-04T08:55:04.454Z next:jsconfig-path
s-plugin skipping request as it is inside n
ode_modules ./base64url
2026-03-04T08:55:04.455Z next:jsconfig-path
s-plugin skipping request as it is inside n
ode_modules ./base64url
2026-03-04T08:55:04.455Z next:jsconfig-path
s-plugin skipping request as it is inside n
ode_modules ./version
2026-03-04T08:55:04.459Z next:jsconfig-path
s-plugin skipping request as it is inside n
ode_modules ./version
2026-03-04T08:55:04.459Z next:jsconfig-path
s-plugin skipping request as it is inside n
ode_modules ./webauthn.errors
2026-03-04T08:55:04.464Z next:jsconfig-path
s-plugin skipping request as it is inside n
ode_modules ./webauthn
2026-03-04T08:55:04.465Z next:jsconfig-path
s-plugin skipping request as it is inside n
ode_modules ./webauthn
2026-03-04T08:55:04.515Z next:jsconfig-path
s-plugin moduleName did not match any paths
 pattern next-flight-client-entry-loader
2026-03-04T08:55:04.515Z next:jsconfig-path
s-plugin moduleName did not match any paths
 pattern next-flight-client-entry-loader
2026-03-04T08:55:04.515Z next:jsconfig-path
s-plugin moduleName did not match any paths
 pattern next-flight-client-entry-loader
2026-03-04T08:55:04.516Z next:jsconfig-path
s-plugin moduleName did not match any paths
 pattern next-flight-client-entry-loader
2026-03-04T08:55:04.516Z next:jsconfig-path
s-plugin moduleName did not match any paths
 pattern next-flight-client-entry-loader
2026-03-04T08:55:04.516Z next:jsconfig-path
s-plugin moduleName did not match any paths
 pattern next-flight-client-entry-loader
2026-03-04T08:55:04.516Z next:jsconfig-path
s-plugin moduleName did not match any paths
 pattern next-flight-client-entry-loader
2026-03-04T08:55:04.516Z next:jsconfig-path
s-plugin moduleName did not match any paths
 pattern next-flight-client-entry-loader
2026-03-04T08:55:04.517Z next:jsconfig-path
s-plugin moduleName did not match any paths
 pattern next-flight-client-entry-loader
2026-03-04T08:55:04.517Z next:jsconfig-path
s-plugin moduleName did not match any paths
 pattern next-flight-client-entry-loader
2026-03-04T08:55:04.517Z next:jsconfig-path
s-plugin moduleName did not match any paths
 pattern next-flight-client-entry-loader
2026-03-04T08:55:04.517Z next:jsconfig-path
s-plugin moduleName did not match any paths
 pattern next-flight-client-entry-loader
2026-03-04T08:55:04.517Z next:jsconfig-path
s-plugin moduleName did not match any paths
 pattern next-flight-client-entry-loader
2026-03-04T08:55:04.518Z next:jsconfig-path
s-plugin moduleName did not match any paths
 pattern next-flight-client-entry-loader
2026-03-04T08:55:04.518Z next:jsconfig-path
s-plugin moduleName did not match any paths
 pattern next-flight-client-entry-loader
2026-03-04T08:55:04.518Z next:jsconfig-path
s-plugin moduleName did not match any paths
 pattern next-flight-client-entry-loader
2026-03-04T08:55:04.518Z next:jsconfig-path
s-plugin moduleName did not match any paths
 pattern next-flight-client-entry-loader
2026-03-04T08:55:04.518Z next:jsconfig-path
s-plugin moduleName did not match any paths
 pattern next-flight-client-entry-loader
2026-03-04T08:55:04.518Z next:jsconfig-path
s-plugin moduleName did not match any paths
 pattern next-flight-client-entry-loader
2026-03-04T08:55:04.518Z next:jsconfig-path
s-plugin moduleName did not match any paths
 pattern next-flight-client-entry-loader
2026-03-04T08:55:04.519Z next:jsconfig-path
s-plugin moduleName did not match any paths
 pattern next-flight-client-entry-loader
2026-03-04T08:55:04.519Z next:jsconfig-path
s-plugin moduleName did not match any paths
 pattern next-flight-client-entry-loader
2026-03-04T08:55:04.519Z next:jsconfig-path
s-plugin moduleName did not match any paths
 pattern next-flight-client-entry-loader
2026-03-04T08:55:04.519Z next:jsconfig-path
s-plugin moduleName did not match any paths
 pattern next-flight-client-entry-loader
2026-03-04T08:55:04.519Z next:jsconfig-path
s-plugin moduleName did not match any paths
 pattern next-flight-client-entry-loader
2026-03-04T08:55:04.519Z next:jsconfig-path
s-plugin moduleName did not match any paths
 pattern next-flight-client-entry-loader
2026-03-04T08:55:04.519Z next:jsconfig-path
s-plugin moduleName did not match any paths
 pattern next-flight-client-entry-loader
2026-03-04T08:55:04.519Z next:jsconfig-path
s-plugin moduleName did not match any paths
 pattern next-flight-client-entry-loader
2026-03-04T08:55:04.520Z next:jsconfig-path
s-plugin moduleName did not match any paths
 pattern next-flight-action-entry-loader
2026-03-04T08:55:04.520Z next:jsconfig-path
s-plugin moduleName did not match any paths
 pattern next-flight-action-entry-loader
2026-03-04T08:55:04.520Z next:jsconfig-path
s-plugin moduleName did not match any paths
 pattern next-flight-action-entry-loader
2026-03-04T08:55:04.528Z next:jsconfig-path
s-plugin moduleName did not match any paths
 pattern next-flight-client-entry-loader
2026-03-04T08:55:04.529Z next:jsconfig-path
s-plugin moduleName did not match any paths
 pattern next-flight-client-entry-loader
2026-03-04T08:55:04.529Z next:jsconfig-path
s-plugin moduleName did not match any paths
 pattern next-flight-client-entry-loader
2026-03-04T08:55:04.529Z next:jsconfig-path
s-plugin moduleName did not match any paths
 pattern next-flight-client-entry-loader
2026-03-04T08:55:04.529Z next:jsconfig-path
s-plugin moduleName did not match any paths
 pattern next-flight-client-entry-loader
2026-03-04T08:55:04.529Z next:jsconfig-path
s-plugin moduleName did not match any paths
 pattern next-flight-client-entry-loader
2026-03-04T08:55:04.529Z next:jsconfig-path
s-plugin moduleName did not match any paths
 pattern next-flight-client-entry-loader
2026-03-04T08:55:04.529Z next:jsconfig-path
s-plugin moduleName did not match any paths
 pattern next-flight-client-entry-loader
2026-03-04T08:55:04.529Z next:jsconfig-path
s-plugin moduleName did not match any paths
 pattern next-flight-client-entry-loader
2026-03-04T08:55:04.529Z next:jsconfig-path
s-plugin moduleName did not match any paths
 pattern next-flight-client-entry-loader
2026-03-04T08:55:04.529Z next:jsconfig-path
s-plugin moduleName did not match any paths
 pattern next-flight-client-entry-loader
2026-03-04T08:55:04.529Z next:jsconfig-path
s-plugin moduleName did not match any paths
 pattern next-flight-client-entry-loader
2026-03-04T08:55:04.529Z next:jsconfig-path
s-plugin moduleName did not match any paths
 pattern next-flight-client-entry-loader
2026-03-04T08:55:04.529Z next:jsconfig-path
s-plugin moduleName did not match any paths
 pattern next-flight-client-entry-loader
2026-03-04T08:55:04.529Z next:jsconfig-path
s-plugin moduleName did not match any paths
 pattern next-flight-client-entry-loader
2026-03-04T08:55:04.529Z next:jsconfig-path
s-plugin moduleName did not match any paths
 pattern next-flight-client-entry-loader
2026-03-04T08:55:04.529Z next:jsconfig-path
s-plugin moduleName did not match any paths
 pattern next-flight-client-entry-loader
2026-03-04T08:55:04.529Z next:jsconfig-path
s-plugin moduleName did not match any paths
 pattern next-flight-client-entry-loader
2026-03-04T08:55:04.530Z next:jsconfig-path
s-plugin moduleName did not match any paths
 pattern next-flight-client-entry-loader
2026-03-04T08:55:04.530Z next:jsconfig-path
s-plugin moduleName did not match any paths
 pattern next-flight-client-entry-loader
2026-03-04T08:55:04.530Z next:jsconfig-path
s-plugin moduleName did not match any paths
 pattern next-flight-client-entry-loader
2026-03-04T08:55:04.530Z next:jsconfig-path
s-plugin moduleName did not match any paths
 pattern next-flight-client-entry-loader
2026-03-04T08:55:04.530Z next:jsconfig-path
s-plugin moduleName did not match any paths
 pattern next-flight-client-entry-loader
2026-03-04T08:55:04.530Z next:jsconfig-path
s-plugin moduleName did not match any paths
 pattern next-flight-client-entry-loader
2026-03-04T08:55:04.530Z next:jsconfig-path
s-plugin moduleName did not match any paths
 pattern next-flight-client-entry-loader
2026-03-04T08:55:04.530Z next:jsconfig-path
s-plugin moduleName did not match any paths
 pattern next-flight-client-entry-loader
2026-03-04T08:55:04.530Z next:jsconfig-path
s-plugin moduleName did not match any paths
 pattern next-flight-client-entry-loader
2026-03-04T08:55:04.530Z next:jsconfig-path
s-plugin moduleName did not match any paths
 pattern next-flight-client-entry-loader
2026-03-04T08:55:04.537Z next:jsconfig-path
s-plugin moduleName did not match any paths
 pattern next-flight-client-entry-loader
2026-03-04T08:55:04.537Z next:jsconfig-path
s-plugin moduleName did not match any paths
 pattern next-flight-client-entry-loader
2026-03-04T08:55:04.537Z next:jsconfig-path
s-plugin moduleName did not match any paths
 pattern next-flight-client-entry-loader
2026-03-04T08:55:04.537Z next:jsconfig-path
s-plugin moduleName did not match any paths
 pattern next-flight-client-entry-loader
2026-03-04T08:55:04.537Z next:jsconfig-path
s-plugin moduleName did not match any paths
 pattern next-flight-client-entry-loader
2026-03-04T08:55:04.537Z next:jsconfig-path
s-plugin moduleName did not match any paths
 pattern next-flight-client-entry-loader
2026-03-04T08:55:04.538Z next:jsconfig-path
s-plugin moduleName did not match any paths
 pattern next-flight-client-entry-loader
2026-03-04T08:55:04.538Z next:jsconfig-path
s-plugin moduleName did not match any paths
 pattern next-flight-client-entry-loader
2026-03-04T08:55:04.538Z next:jsconfig-path
s-plugin moduleName did not match any paths
 pattern next-flight-client-entry-loader
2026-03-04T08:55:04.538Z next:jsconfig-path
s-plugin moduleName did not match any paths
 pattern next-flight-client-entry-loader
2026-03-04T08:55:04.538Z next:jsconfig-path
s-plugin moduleName did not match any paths
 pattern next-flight-client-entry-loader
2026-03-04T08:55:04.538Z next:jsconfig-path
s-plugin moduleName did not match any paths
 pattern next-flight-client-entry-loader
2026-03-04T08:55:04.538Z next:jsconfig-path
s-plugin moduleName did not match any paths
 pattern next-flight-client-entry-loader
2026-03-04T08:55:04.538Z next:jsconfig-path
s-plugin moduleName did not match any paths
 pattern next-flight-client-entry-loader
2026-03-04T08:55:04.538Z next:jsconfig-path
s-plugin moduleName did not match any paths
 pattern next-flight-client-entry-loader
2026-03-04T08:55:04.538Z next:jsconfig-path
s-plugin moduleName did not match any paths
 pattern next-flight-client-entry-loader
2026-03-04T08:55:04.538Z next:jsconfig-path
s-plugin moduleName did not match any paths
 pattern next-flight-client-entry-loader
2026-03-04T08:55:04.538Z next:jsconfig-path
s-plugin moduleName did not match any paths
 pattern next-flight-client-entry-loader
2026-03-04T08:55:04.538Z next:jsconfig-path
s-plugin moduleName did not match any paths
 pattern next-flight-client-entry-loader
2026-03-04T08:55:04.539Z next:jsconfig-path
s-plugin moduleName did not match any paths
 pattern next-flight-client-entry-loader
2026-03-04T08:55:04.539Z next:jsconfig-path
s-plugin moduleName did not match any paths
 pattern next-flight-client-entry-loader
2026-03-04T08:55:04.539Z next:jsconfig-path
s-plugin moduleName did not match any paths
 pattern next-flight-client-entry-loader
2026-03-04T08:55:04.539Z next:jsconfig-path
s-plugin moduleName did not match any paths
 pattern next-flight-client-entry-loader
2026-03-04T08:55:04.539Z next:jsconfig-path
s-plugin moduleName did not match any paths
 pattern next-flight-client-entry-loader
2026-03-04T08:55:04.539Z next:jsconfig-path
s-plugin moduleName did not match any paths
 pattern next-flight-client-entry-loader
2026-03-04T08:55:04.539Z next:jsconfig-path
s-plugin moduleName did not match any paths
 pattern next-flight-client-entry-loader
2026-03-04T08:55:04.539Z next:jsconfig-path
s-plugin moduleName did not match any paths
 pattern next-flight-client-entry-loader
2026-03-04T08:55:04.539Z next:jsconfig-path
s-plugin moduleName did not match any paths
 pattern next-flight-client-entry-loader
2026-03-04T08:55:04.551Z next:jsconfig-path
s-plugin moduleName did not match any paths
 pattern next-flight-client-entry-loader
2026-03-04T08:55:04.552Z next:jsconfig-path
s-plugin moduleName did not match any paths
 pattern next-flight-client-entry-loader
2026-03-04T08:55:04.552Z next:jsconfig-path
s-plugin moduleName did not match any paths
 pattern next-flight-client-entry-loader
2026-03-04T08:55:04.552Z next:jsconfig-path
s-plugin moduleName did not match any paths
 pattern next-flight-client-entry-loader
2026-03-04T08:55:04.553Z next:jsconfig-path
s-plugin moduleName did not match any paths
 pattern next-flight-client-entry-loader
2026-03-04T08:55:04.553Z next:jsconfig-path
s-plugin moduleName did not match any paths
 pattern next-flight-client-entry-loader
2026-03-04T08:55:04.553Z next:jsconfig-path
s-plugin moduleName did not match any paths
 pattern next-flight-client-entry-loader
2026-03-04T08:55:04.553Z next:jsconfig-path
s-plugin moduleName did not match any paths
 pattern next-flight-client-entry-loader
2026-03-04T08:55:04.553Z next:jsconfig-path
s-plugin moduleName did not match any paths
 pattern next-flight-client-entry-loader
2026-03-04T08:55:04.553Z next:jsconfig-path
s-plugin moduleName did not match any paths
 pattern next-flight-client-entry-loader
2026-03-04T08:55:04.553Z next:jsconfig-path
s-plugin moduleName did not match any paths
 pattern next-flight-client-entry-loader
2026-03-04T08:55:04.554Z next:jsconfig-path
s-plugin moduleName did not match any paths
 pattern next-flight-client-entry-loader
2026-03-04T08:55:04.554Z next:jsconfig-path
s-plugin moduleName did not match any paths
 pattern next-flight-client-entry-loader
2026-03-04T08:55:04.554Z next:jsconfig-path
s-plugin moduleName did not match any paths
 pattern next-flight-client-entry-loader
2026-03-04T08:55:04.554Z next:jsconfig-path
s-plugin moduleName did not match any paths
 pattern next-flight-client-entry-loader
2026-03-04T08:55:04.554Z next:jsconfig-path
s-plugin moduleName did not match any paths
 pattern next-flight-client-entry-loader
2026-03-04T08:55:04.554Z next:jsconfig-path
s-plugin moduleName did not match any paths
 pattern next-flight-client-entry-loader
2026-03-04T08:55:04.555Z next:jsconfig-path
s-plugin moduleName did not match any paths
 pattern next-flight-client-entry-loader
2026-03-04T08:55:04.555Z next:jsconfig-path
s-plugin moduleName did not match any paths
 pattern next-flight-client-entry-loader
2026-03-04T08:55:04.555Z next:jsconfig-path
s-plugin moduleName did not match any paths
 pattern next-flight-client-entry-loader
2026-03-04T08:55:04.555Z next:jsconfig-path
s-plugin moduleName did not match any paths
 pattern next-flight-client-entry-loader
2026-03-04T08:55:04.555Z next:jsconfig-path
s-plugin moduleName did not match any paths
 pattern next-flight-client-entry-loader
2026-03-04T08:55:04.555Z next:jsconfig-path
s-plugin moduleName did not match any paths
 pattern next-flight-client-entry-loader
2026-03-04T08:55:04.555Z next:jsconfig-path
s-plugin moduleName did not match any paths
 pattern next-flight-client-entry-loader
2026-03-04T08:55:04.556Z next:jsconfig-path
s-plugin moduleName did not match any paths
 pattern next-flight-client-entry-loader
2026-03-04T08:55:04.556Z next:jsconfig-path
s-plugin moduleName did not match any paths
 pattern next-flight-client-entry-loader
2026-03-04T08:55:04.556Z next:jsconfig-path
s-plugin moduleName did not match any paths
 pattern next-flight-client-entry-loader
2026-03-04T08:55:04.556Z next:jsconfig-path
s-plugin moduleName did not match any paths
 pattern next-flight-client-entry-loader
2026-03-04T08:55:04.565Z next:jsconfig-path
s-plugin moduleName did not match any paths
 pattern next-flight-action-entry-loader
2026-03-04T08:55:04.565Z next:jsconfig-path
s-plugin moduleName did not match any paths
 pattern next-flight-action-entry-loader
2026-03-04T08:55:04.566Z next:jsconfig-path
s-plugin moduleName did not match any paths
 pattern next-flight-action-entry-loader
2026-03-04T08:55:04.567Z next:jsconfig-path
s-plugin moduleName did not match any paths
 pattern next-flight-action-entry-loader
2026-03-04T08:55:04.567Z next:jsconfig-path
s-plugin moduleName did not match any paths
 pattern next-flight-action-entry-loader
2026-03-04T08:55:04.567Z next:jsconfig-path
s-plugin moduleName did not match any paths
 pattern next-flight-action-entry-loader
2026-03-04T08:55:04.569Z next:jsconfig-path
s-plugin moduleName did not match any paths
 pattern next-flight-action-entry-loader
2026-03-04T08:55:04.569Z next:jsconfig-path
s-plugin moduleName did not match any paths
 pattern next-flight-action-entry-loader
2026-03-04T08:55:04.569Z next:jsconfig-path
s-plugin moduleName did not match any paths
 pattern next-flight-action-entry-loader
2026-03-04T08:55:04.616Z next:jsconfig-path
s-plugin skipping request as it is an absol
ute path C:\Users\ydi10\Downloads\study mat
erials\src\app\actions
2026-03-04T08:55:04.616Z next:jsconfig-path
s-plugin skipping request as it is an absol
ute path C:\Users\ydi10\Downloads\study mat
erials\src\app\actions
2026-03-04T08:55:04.616Z next:jsconfig-path
s-plugin skipping request as it is an absol
ute path C:\Users\ydi10\Downloads\study mat
erials\src\app\actions
2026-03-04T08:55:04.616Z next:jsconfig-path
s-plugin skipping request as it is an absol
ute path C:\Users\ydi10\Downloads\study mat
erials\src\app\actions
2026-03-04T08:55:04.617Z next:jsconfig-path
s-plugin skipping request as it is an absol
ute path C:\Users\ydi10\Downloads\study mat
erials\src\app\actions
2026-03-04T08:55:04.617Z next:jsconfig-path
s-plugin skipping request as it is an absol
ute path C:\Users\ydi10\Downloads\study mat
erials\src\app\actions
2026-03-04T08:55:04.617Z next:jsconfig-path
s-plugin skipping request as it is an absol
ute path C:\Users\ydi10\Downloads\study mat
erials\src\app\actions
2026-03-04T08:55:04.617Z next:jsconfig-path
s-plugin skipping request as it is an absol
ute path C:\Users\ydi10\Downloads\study mat
erials\src\app\actions
2026-03-04T08:55:04.618Z next:jsconfig-path
s-plugin skipping request as it is an absol
ute path C:\Users\ydi10\Downloads\study mat
erials\src\app\actions
2026-03-04T08:55:04.618Z next:jsconfig-path
s-plugin skipping request as it is an absol
ute path C:\Users\ydi10\Downloads\study mat
erials\src\app\actions
2026-03-04T08:55:04.618Z next:jsconfig-path
s-plugin skipping request as it is an absol
ute path C:\Users\ydi10\Downloads\study mat
erials\src\app\actions
2026-03-04T08:55:04.618Z next:jsconfig-path
s-plugin skipping request as it is an absol
ute path C:\Users\ydi10\Downloads\study mat
erials\src\app\actions
2026-03-04T08:55:04.618Z next:jsconfig-path
s-plugin skipping request as it is an absol
ute path C:\Users\ydi10\Downloads\study mat
erials\src\app\actions
2026-03-04T08:55:04.618Z next:jsconfig-path
s-plugin skipping request as it is an absol
ute path C:\Users\ydi10\Downloads\study mat
erials\src\app\actions
2026-03-04T08:55:04.618Z next:jsconfig-path
s-plugin skipping request as it is an absol
ute path C:\Users\ydi10\Downloads\study mat
erials\src\app\actions
2026-03-04T08:55:04.619Z next:jsconfig-path
s-plugin skipping request as it is an absol
ute path C:\Users\ydi10\Downloads\study mat
erials\src\app\actions
2026-03-04T08:55:04.621Z next:jsconfig-path
s-plugin skipping request as it is an absol
ute path C:\Users\ydi10\Downloads\study mat
erials\src\app\actions
2026-03-04T08:55:04.621Z next:jsconfig-path
s-plugin skipping request as it is an absol
ute path C:\Users\ydi10\Downloads\study mat
erials\src\app\actions
2026-03-04T08:55:04.621Z next:jsconfig-path
s-plugin skipping request as it is an absol
ute path C:\Users\ydi10\Downloads\study mat
erials\src\app\actions
2026-03-04T08:55:04.621Z next:jsconfig-path
s-plugin skipping request as it is an absol
ute path C:\Users\ydi10\Downloads\study mat
erials\src\app\actions
2026-03-04T08:55:04.621Z next:jsconfig-path
s-plugin skipping request as it is an absol
ute path C:\Users\ydi10\Downloads\study mat
erials\src\app\actions
2026-03-04T08:55:04.621Z next:jsconfig-path
s-plugin skipping request as it is an absol
ute path C:\Users\ydi10\Downloads\study mat
erials\src\app\actions
2026-03-04T08:55:04.621Z next:jsconfig-path
s-plugin skipping request as it is an absol
ute path C:\Users\ydi10\Downloads\study mat
erials\src\app\actions
2026-03-04T08:55:04.621Z next:jsconfig-path
s-plugin skipping request as it is an absol
ute path C:\Users\ydi10\Downloads\study mat
erials\src\app\actions
2026-03-04T08:55:04.623Z next:jsconfig-path
s-plugin skipping request as it is an absol
ute path C:\Users\ydi10\Downloads\study mat
erials\src\app\actions
2026-03-04T08:55:04.623Z next:jsconfig-path
s-plugin skipping request as it is an absol
ute path C:\Users\ydi10\Downloads\study mat
erials\src\app\actions
2026-03-04T08:55:04.623Z next:jsconfig-path
s-plugin skipping request as it is an absol
ute path C:\Users\ydi10\Downloads\study mat
erials\src\app\actions
2026-03-04T08:55:04.623Z next:jsconfig-path
s-plugin skipping request as it is an absol
ute path C:\Users\ydi10\Downloads\study mat
erials\src\app\actions
2026-03-04T08:55:04.623Z next:jsconfig-path
s-plugin skipping request as it is an absol
ute path C:\Users\ydi10\Downloads\study mat
erials\src\app\actions
2026-03-04T08:55:04.623Z next:jsconfig-path
s-plugin skipping request as it is an absol
ute path C:\Users\ydi10\Downloads\study mat
erials\src\app\actions
2026-03-04T08:55:04.623Z next:jsconfig-path
s-plugin skipping request as it is an absol
ute path C:\Users\ydi10\Downloads\study mat
erials\src\app\actions
2026-03-04T08:55:04.624Z next:jsconfig-path
s-plugin skipping request as it is an absol
ute path C:\Users\ydi10\Downloads\study mat
erials\src\app\actions
2026-03-04T08:55:04.630Z next:jsconfig-path
s-plugin skipping request as it is a relati
ve path ./AddTextbookModal
2026-03-04T08:55:04.631Z next:jsconfig-path
s-plugin skipping request as it is a relati
ve path ./AddTextbookModal
2026-03-04T08:55:04.631Z next:jsconfig-path
s-plugin skipping request as it is a relati
ve path ./AnnotationCanvas
2026-03-04T08:55:04.632Z next:jsconfig-path
s-plugin skipping request as it is a relati
ve path ./AnnotationCanvas
2026-03-04T08:55:04.659Z next:jsconfig-path
s-plugin moduleName did not match any paths
 pattern react-server-dom-webpack/client.ed
ge
2026-03-04T08:55:04.659Z next:jsconfig-path
s-plugin skipping request as it is inside n
ode_modules ../client/components/navigation
2026-03-04T08:55:04.660Z next:jsconfig-path
s-plugin moduleName did not match any paths
 pattern react-server-dom-webpack/client.ed
ge
2026-03-04T08:55:04.662Z next:jsconfig-path
s-plugin skipping request as it is inside n
ode_modules ../client/components/navigation
2026-03-04T08:55:04.665Z next:jsconfig-path
s-plugin moduleName did not match any paths
 pattern next-flight-server-reference-proxy
-loader
2026-03-04T08:55:04.665Z next:jsconfig-path
s-plugin moduleName did not match any paths
 pattern next-flight-server-reference-proxy
-loader
2026-03-04T08:55:04.665Z next:jsconfig-path
s-plugin moduleName did not match any paths
 pattern next-flight-server-reference-proxy
-loader
2026-03-04T08:55:04.665Z next:jsconfig-path
s-plugin moduleName did not match any paths
 pattern next-flight-server-reference-proxy
-loader
2026-03-04T08:55:04.666Z next:jsconfig-path
s-plugin moduleName did not match any paths
 pattern next-flight-server-reference-proxy
-loader
2026-03-04T08:55:04.666Z next:jsconfig-path
s-plugin moduleName did not match any paths
 pattern next-flight-server-reference-proxy
-loader
2026-03-04T08:55:04.666Z next:jsconfig-path
s-plugin moduleName did not match any paths
 pattern next-flight-server-reference-proxy
-loader
2026-03-04T08:55:04.666Z next:jsconfig-path
s-plugin moduleName did not match any paths
 pattern next-flight-server-reference-proxy
-loader
2026-03-04T08:55:04.666Z next:jsconfig-path
s-plugin moduleName did not match any paths
 pattern next-flight-server-reference-proxy
-loader
2026-03-04T08:55:04.666Z next:jsconfig-path
s-plugin moduleName did not match any paths
 pattern next-flight-server-reference-proxy
-loader
2026-03-04T08:55:04.666Z next:jsconfig-path
s-plugin moduleName did not match any paths
 pattern next-flight-server-reference-proxy
-loader
2026-03-04T08:55:04.666Z next:jsconfig-path
s-plugin moduleName did not match any paths
 pattern next-flight-server-reference-proxy
-loader
2026-03-04T08:55:04.666Z next:jsconfig-path
s-plugin moduleName did not match any paths
 pattern next-flight-server-reference-proxy
-loader
2026-03-04T08:55:04.667Z next:jsconfig-path
s-plugin moduleName did not match any paths
 pattern next-flight-server-reference-proxy
-loader
2026-03-04T08:55:04.667Z next:jsconfig-path
s-plugin moduleName did not match any paths
 pattern next-flight-server-reference-proxy
-loader
2026-03-04T08:55:04.667Z next:jsconfig-path
s-plugin moduleName did not match any paths
 pattern next-flight-server-reference-proxy
-loader
2026-03-04T08:55:04.668Z next:jsconfig-path
s-plugin moduleName did not match any paths
 pattern next-flight-server-reference-proxy
-loader
2026-03-04T08:55:04.668Z next:jsconfig-path
s-plugin moduleName did not match any paths
 pattern next-flight-server-reference-proxy
-loader
2026-03-04T08:55:04.668Z next:jsconfig-path
s-plugin moduleName did not match any paths
 pattern next-flight-server-reference-proxy
-loader
2026-03-04T08:55:04.669Z next:jsconfig-path
s-plugin skipping request as it is a relati
ve path ./AddTextbookModal
2026-03-04T08:55:04.670Z next:jsconfig-path
s-plugin skipping request as it is a relati
ve path ./AddTextbookModal
2026-03-04T08:55:04.671Z next:jsconfig-path
s-plugin skipping request as it is a relati
ve path ./AnnotationCanvas
2026-03-04T08:55:04.671Z next:jsconfig-path
s-plugin skipping request as it is a relati
ve path ./AnnotationCanvas
2026-03-04T08:55:04.701Z next:jsconfig-path
s-plugin moduleName did not match any paths
 pattern next-flight-server-reference-proxy
-loader
2026-03-04T08:55:04.701Z next:jsconfig-path
s-plugin moduleName did not match any paths
 pattern next-flight-server-reference-proxy
-loader
2026-03-04T08:55:04.701Z next:jsconfig-path
s-plugin moduleName did not match any paths
 pattern next-flight-server-reference-proxy
-loader
2026-03-04T08:55:04.701Z next:jsconfig-path
s-plugin moduleName did not match any paths
 pattern next-flight-server-reference-proxy
-loader
2026-03-04T08:55:04.701Z next:jsconfig-path
s-plugin moduleName did not match any paths
 pattern next-flight-server-reference-proxy
-loader
2026-03-04T08:55:04.701Z next:jsconfig-path
s-plugin moduleName did not match any paths
 pattern next-flight-server-reference-proxy
-loader
2026-03-04T08:55:04.701Z next:jsconfig-path
s-plugin moduleName did not match any paths
 pattern next-flight-server-reference-proxy
-loader
2026-03-04T08:55:04.702Z next:jsconfig-path
s-plugin moduleName did not match any paths
 pattern next-flight-server-reference-proxy
-loader
2026-03-04T08:55:04.702Z next:jsconfig-path
s-plugin moduleName did not match any paths
 pattern next-flight-server-reference-proxy
-loader
2026-03-04T08:55:04.702Z next:jsconfig-path
s-plugin moduleName did not match any paths
 pattern next-flight-server-reference-proxy
-loader
2026-03-04T08:55:04.702Z next:jsconfig-path
s-plugin moduleName did not match any paths
 pattern next-flight-server-reference-proxy
-loader
2026-03-04T08:55:04.702Z next:jsconfig-path
s-plugin moduleName did not match any paths
 pattern next-flight-server-reference-proxy
-loader
2026-03-04T08:55:04.702Z next:jsconfig-path
s-plugin moduleName did not match any paths
 pattern next-flight-server-reference-proxy
-loader
2026-03-04T08:55:04.702Z next:jsconfig-path
s-plugin moduleName did not match any paths
 pattern next-flight-server-reference-proxy
-loader
2026-03-04T08:55:04.702Z next:jsconfig-path
s-plugin moduleName did not match any paths
 pattern next-flight-server-reference-proxy
-loader
2026-03-04T08:55:04.702Z next:jsconfig-path
s-plugin moduleName did not match any paths
 pattern next-flight-server-reference-proxy
-loader
2026-03-04T08:55:04.702Z next:jsconfig-path
s-plugin moduleName did not match any paths
 pattern next-flight-server-reference-proxy
-loader
2026-03-04T08:55:04.702Z next:jsconfig-path
s-plugin moduleName did not match any paths
 pattern next-flight-server-reference-proxy
-loader
2026-03-04T08:55:04.702Z next:jsconfig-path
s-plugin moduleName did not match any paths
 pattern next-flight-server-reference-proxy
-loader
2026-03-04T08:55:04.708Z next:jsconfig-path
s-plugin moduleName did not match any paths
 pattern next-flight-server-reference-proxy
-loader
2026-03-04T08:55:04.708Z next:jsconfig-path
s-plugin moduleName did not match any paths
 pattern next-flight-server-reference-proxy
-loader
2026-03-04T08:55:04.708Z next:jsconfig-path
s-plugin moduleName did not match any paths
 pattern next-flight-server-reference-proxy
-loader
2026-03-04T08:55:04.708Z next:jsconfig-path
s-plugin moduleName did not match any paths
 pattern next-flight-server-reference-proxy
-loader
2026-03-04T08:55:04.708Z next:jsconfig-path
s-plugin moduleName did not match any paths
 pattern next-flight-server-reference-proxy
-loader
2026-03-04T08:55:04.708Z next:jsconfig-path
s-plugin moduleName did not match any paths
 pattern next-flight-server-reference-proxy
-loader
2026-03-04T08:55:04.708Z next:jsconfig-path
s-plugin moduleName did not match any paths
 pattern next-flight-server-reference-proxy
-loader
2026-03-04T08:55:04.708Z next:jsconfig-path
s-plugin moduleName did not match any paths
 pattern next-flight-server-reference-proxy
-loader
2026-03-04T08:55:04.708Z next:jsconfig-path
s-plugin moduleName did not match any paths
 pattern next-flight-server-reference-proxy
-loader
2026-03-04T08:55:04.708Z next:jsconfig-path
s-plugin moduleName did not match any paths
 pattern next-flight-server-reference-proxy
-loader
2026-03-04T08:55:04.708Z next:jsconfig-path
s-plugin moduleName did not match any paths
 pattern next-flight-server-reference-proxy
-loader
2026-03-04T08:55:04.708Z next:jsconfig-path
s-plugin moduleName did not match any paths
 pattern next-flight-server-reference-proxy
-loader
2026-03-04T08:55:04.708Z next:jsconfig-path
s-plugin moduleName did not match any paths
 pattern next-flight-server-reference-proxy
-loader
2026-03-04T08:55:04.708Z next:jsconfig-path
s-plugin moduleName did not match any paths
 pattern next-flight-server-reference-proxy
-loader
2026-03-04T08:55:04.709Z next:jsconfig-path
s-plugin moduleName did not match any paths
 pattern next-flight-server-reference-proxy
-loader
2026-03-04T08:55:04.709Z next:jsconfig-path
s-plugin moduleName did not match any paths
 pattern next-flight-server-reference-proxy
-loader
2026-03-04T08:55:04.709Z next:jsconfig-path
s-plugin moduleName did not match any paths
 pattern next-flight-server-reference-proxy
-loader
2026-03-04T08:55:04.709Z next:jsconfig-path
s-plugin moduleName did not match any paths
 pattern next-flight-server-reference-proxy
-loader
2026-03-04T08:55:04.709Z next:jsconfig-path
s-plugin moduleName did not match any paths
 pattern next-flight-server-reference-proxy
-loader
2026-03-04T08:55:04.712Z next:jsconfig-path
s-plugin moduleName did not match any paths
 pattern next-flight-server-reference-proxy
-loader
2026-03-04T08:55:04.712Z next:jsconfig-path
s-plugin moduleName did not match any paths
 pattern next-flight-server-reference-proxy
-loader
2026-03-04T08:55:04.712Z next:jsconfig-path
s-plugin moduleName did not match any paths
 pattern next-flight-server-reference-proxy
-loader
2026-03-04T08:55:04.712Z next:jsconfig-path
s-plugin moduleName did not match any paths
 pattern next-flight-server-reference-proxy
-loader
2026-03-04T08:55:04.712Z next:jsconfig-path
s-plugin moduleName did not match any paths
 pattern next-flight-server-reference-proxy
-loader
2026-03-04T08:55:04.712Z next:jsconfig-path
s-plugin moduleName did not match any paths
 pattern next-flight-server-reference-proxy
-loader
2026-03-04T08:55:04.712Z next:jsconfig-path
s-plugin moduleName did not match any paths
 pattern next-flight-server-reference-proxy
-loader
2026-03-04T08:55:04.712Z next:jsconfig-path
s-plugin moduleName did not match any paths
 pattern next-flight-server-reference-proxy
-loader
2026-03-04T08:55:04.712Z next:jsconfig-path
s-plugin moduleName did not match any paths
 pattern next-flight-server-reference-proxy
-loader
2026-03-04T08:55:04.712Z next:jsconfig-path
s-plugin moduleName did not match any paths
 pattern next-flight-server-reference-proxy
-loader
2026-03-04T08:55:04.713Z next:jsconfig-path
s-plugin moduleName did not match any paths
 pattern next-flight-server-reference-proxy
-loader
2026-03-04T08:55:04.713Z next:jsconfig-path
s-plugin moduleName did not match any paths
 pattern next-flight-server-reference-proxy
-loader
2026-03-04T08:55:04.713Z next:jsconfig-path
s-plugin moduleName did not match any paths
 pattern next-flight-server-reference-proxy
-loader
2026-03-04T08:55:04.713Z next:jsconfig-path
s-plugin moduleName did not match any paths
 pattern next-flight-server-reference-proxy
-loader
2026-03-04T08:55:04.713Z next:jsconfig-path
s-plugin moduleName did not match any paths
 pattern next-flight-server-reference-proxy
-loader
2026-03-04T08:55:04.713Z next:jsconfig-path
s-plugin moduleName did not match any paths
 pattern next-flight-server-reference-proxy
-loader
2026-03-04T08:55:04.713Z next:jsconfig-path
s-plugin moduleName did not match any paths
 pattern next-flight-server-reference-proxy
-loader
2026-03-04T08:55:04.713Z next:jsconfig-path
s-plugin moduleName did not match any paths
 pattern next-flight-server-reference-proxy
-loader
2026-03-04T08:55:04.713Z next:jsconfig-path
s-plugin moduleName did not match any paths
 pattern next-flight-server-reference-proxy
-loader
2026-03-04T08:55:04.718Z next:jsconfig-path
s-plugin skipping request as it is an absol
ute path C:\Users\ydi10\Downloads\study mat
erials\src\app\actions
2026-03-04T08:55:04.719Z next:jsconfig-path
s-plugin skipping request as it is an absol
ute path C:\Users\ydi10\Downloads\study mat
erials\src\app\actions
2026-03-04T08:55:04.721Z next:jsconfig-path
s-plugin skipping request as it is an absol
ute path C:\Users\ydi10\Downloads\study mat
erials\src\app\actions
2026-03-04T08:55:04.722Z next:jsconfig-path
s-plugin skipping request as it is an absol
ute path C:\Users\ydi10\Downloads\study mat
erials\src\app\actions
2026-03-04T08:55:04.726Z next:jsconfig-path
s-plugin skipping request as it is an absol
ute path C:\Users\ydi10\Downloads\study mat
erials\src\app\actions
2026-03-04T08:55:04.726Z next:jsconfig-path
s-plugin skipping request as it is an absol
ute path C:\Users\ydi10\Downloads\study mat
erials\src\app\actions
2026-03-04T08:55:04.734Z next:jsconfig-path
s-plugin skipping request as it is an absol
ute path C:\Users\ydi10\Downloads\study mat
erials\src\app\actions
2026-03-04T08:55:04.734Z next:jsconfig-path
s-plugin skipping request as it is an absol
ute path C:\Users\ydi10\Downloads\study mat
erials\src\app\actions
2026-03-04T08:55:04.780Z next:jsconfig-path
s-plugin moduleName did not match any paths
 pattern react-server-dom-webpack/client.ed
ge
2026-03-04T08:55:04.780Z next:jsconfig-path
s-plugin moduleName did not match any paths
 pattern react-server-dom-webpack/client.ed
ge
2026-03-04T08:55:04.799Z next:jsconfig-path
s-plugin moduleName did not match any paths
 pattern react-server-dom-webpack/client.ed
ge
2026-03-04T08:55:04.799Z next:jsconfig-path
s-plugin moduleName did not match any paths
 pattern react-server-dom-webpack/client.ed
ge
2026-03-04T08:55:04.842Z next:jsconfig-path
s-plugin moduleName did not match any paths
 pattern next-flight-action-entry-loader
2026-03-04T08:55:04.842Z next:jsconfig-path
s-plugin moduleName did not match any paths
 pattern next-flight-action-entry-loader
2026-03-04T08:55:04.842Z next:jsconfig-path
s-plugin moduleName did not match any paths
 pattern next-flight-action-entry-loader
2026-03-04T08:55:04.843Z next:jsconfig-path
s-plugin moduleName did not match any paths
 pattern next-flight-action-entry-loader
2026-03-04T08:55:04.843Z next:jsconfig-path
s-plugin moduleName did not match any paths
 pattern next-flight-action-entry-loader
2026-03-04T08:55:04.844Z next:jsconfig-path
s-plugin moduleName did not match any paths
 pattern next-flight-action-entry-loader
2026-03-04T08:55:04.845Z next:jsconfig-path
s-plugin moduleName did not match any paths
 pattern next-flight-action-entry-loader
2026-03-04T08:55:04.845Z next:jsconfig-path
s-plugin moduleName did not match any paths
 pattern next-flight-action-entry-loader
2026-03-04T08:55:04.847Z next:jsconfig-path
s-plugin moduleName did not match any paths
 pattern private-next-rsc-action-encryption
2026-03-04T08:55:04.847Z next:jsconfig-path
s-plugin moduleName did not match any paths
 pattern next/cache
2026-03-04T08:55:04.847Z next:jsconfig-path
s-plugin skipping request as it is an absol
ute path C:\Users\ydi10\Downloads\study mat
erials\src\lib\supabase\server
2026-03-04T08:55:04.848Z next:jsconfig-path
s-plugin moduleName did not match any paths
 pattern next/cache
2026-03-04T08:55:04.848Z next:jsconfig-path
s-plugin skipping request as it is an absol
ute path C:\Users\ydi10\Downloads\study mat
erials\src\lib\supabase\server
2026-03-04T08:55:04.848Z next:jsconfig-path
s-plugin moduleName did not match any paths
 pattern private-next-rsc-action-encryption
2026-03-04T08:55:04.849Z next:jsconfig-path
s-plugin moduleName did not match any paths
 pattern private-next-rsc-action-encryption
2026-03-04T08:55:04.850Z next:jsconfig-path
s-plugin skipping request as it is an absol
ute path C:\Users\ydi10\Downloads\study mat
erials\src\lib\supabase\server
2026-03-04T08:55:04.850Z next:jsconfig-path
s-plugin moduleName did not match any paths
 pattern private-next-rsc-action-encryption
2026-03-04T08:55:04.850Z next:jsconfig-path
s-plugin skipping request as it is an absol
ute path C:\Users\ydi10\Downloads\study mat
erials\src\lib\supabase\server
2026-03-04T08:55:04.853Z next:jsconfig-path
s-plugin skipping request as it is inside n
ode_modules ../client/components/navigation
.react-server
2026-03-04T08:55:04.853Z next:jsconfig-path
s-plugin skipping request as it is inside n
ode_modules ../client/components/navigation
.react-server
2026-03-04T08:55:04.856Z next:jsconfig-path
s-plugin moduleName did not match any paths
 pattern react-server-dom-webpack/server.ed
ge
2026-03-04T08:55:04.857Z next:jsconfig-path
s-plugin moduleName did not match any paths
 pattern server-only
2026-03-04T08:55:04.857Z next:jsconfig-path
s-plugin moduleName did not match any paths
 pattern react-server-dom-webpack/server.ed
ge
2026-03-04T08:55:04.857Z next:jsconfig-path
s-plugin moduleName did not match any paths
 pattern react-server-dom-webpack/client.ed
ge
2026-03-04T08:55:04.857Z next:jsconfig-path
s-plugin moduleName did not match any paths
 pattern react-server-dom-webpack/server.ed
ge
2026-03-04T08:55:04.857Z next:jsconfig-path
s-plugin moduleName did not match any paths
 pattern react-server-dom-webpack/server.ed
ge
2026-03-04T08:55:04.857Z next:jsconfig-path
s-plugin moduleName did not match any paths
 pattern react-server-dom-webpack/client.ed
ge
2026-03-04T08:55:04.857Z next:jsconfig-path
s-plugin moduleName did not match any paths
 pattern server-only
2026-03-04T08:55:04.861Z next:jsconfig-path
s-plugin skipping request as it is inside n
ode_modules ../server/request/cookies
2026-03-04T08:55:04.861Z next:jsconfig-path
s-plugin skipping request as it is inside n
ode_modules ../server/request/headers
2026-03-04T08:55:04.861Z next:jsconfig-path
s-plugin skipping request as it is inside n
ode_modules ../server/request/draft-mode
2026-03-04T08:55:04.861Z next:jsconfig-path
s-plugin skipping request as it is inside n
ode_modules ./createBrowserClient
2026-03-04T08:55:04.861Z next:jsconfig-path
s-plugin skipping request as it is inside n
ode_modules ./createServerClient
2026-03-04T08:55:04.861Z next:jsconfig-path
s-plugin skipping request as it is inside n
ode_modules ./types
2026-03-04T08:55:04.861Z next:jsconfig-path
s-plugin skipping request as it is inside n
ode_modules ./utils
2026-03-04T08:55:04.862Z next:jsconfig-path
s-plugin skipping request as it is inside n
ode_modules ./createBrowserClient
2026-03-04T08:55:04.862Z next:jsconfig-path
s-plugin skipping request as it is inside n
ode_modules ./createServerClient
2026-03-04T08:55:04.862Z next:jsconfig-path
s-plugin skipping request as it is inside n
ode_modules ./types
2026-03-04T08:55:04.862Z next:jsconfig-path
s-plugin skipping request as it is inside n
ode_modules ./utils
2026-03-04T08:55:04.862Z next:jsconfig-path
s-plugin skipping request as it is inside n
ode_modules ../server/request/cookies
2026-03-04T08:55:04.862Z next:jsconfig-path
s-plugin skipping request as it is inside n
ode_modules ../server/request/headers
2026-03-04T08:55:04.862Z next:jsconfig-path
s-plugin skipping request as it is inside n
ode_modules ../server/request/draft-mode
2026-03-04T08:55:04.875Z next:jsconfig-path
s-plugin skipping request as it is inside n
ode_modules ./version
2026-03-04T08:55:04.876Z next:jsconfig-path
s-plugin skipping request as it is inside n
ode_modules ./utils
2026-03-04T08:55:04.876Z next:jsconfig-path
s-plugin skipping request as it is inside n
ode_modules ./cookies
2026-03-04T08:55:04.876Z next:jsconfig-path
s-plugin skipping request as it is inside n
ode_modules ./version
2026-03-04T08:55:04.876Z next:jsconfig-path
s-plugin skipping request as it is inside n
ode_modules ./cookies
2026-03-04T08:55:04.876Z next:jsconfig-path
s-plugin skipping request as it is inside n
ode_modules ./utils/helpers
2026-03-04T08:55:04.876Z next:jsconfig-path
s-plugin skipping request as it is inside n
ode_modules ./helpers
2026-03-04T08:55:04.876Z next:jsconfig-path
s-plugin skipping request as it is inside n
ode_modules ./constants
2026-03-04T08:55:04.876Z next:jsconfig-path
s-plugin skipping request as it is inside n
ode_modules ./chunker
2026-03-04T08:55:04.876Z next:jsconfig-path
s-plugin skipping request as it is inside n
ode_modules ./base64url
2026-03-04T08:55:04.876Z next:jsconfig-path
s-plugin skipping request as it is inside n
ode_modules ./version
2026-03-04T08:55:04.876Z next:jsconfig-path
s-plugin skipping request as it is inside n
ode_modules ./utils
2026-03-04T08:55:04.876Z next:jsconfig-path
s-plugin skipping request as it is inside n
ode_modules ./cookies
2026-03-04T08:55:04.876Z next:jsconfig-path
s-plugin skipping request as it is inside n
ode_modules ./version
2026-03-04T08:55:04.876Z next:jsconfig-path
s-plugin skipping request as it is inside n
ode_modules ./cookies
2026-03-04T08:55:04.876Z next:jsconfig-path
s-plugin skipping request as it is inside n
ode_modules ./utils/helpers
2026-03-04T08:55:04.877Z next:jsconfig-path
s-plugin skipping request as it is inside n
ode_modules ./helpers
2026-03-04T08:55:04.877Z next:jsconfig-path
s-plugin skipping request as it is inside n
ode_modules ./constants
2026-03-04T08:55:04.877Z next:jsconfig-path
s-plugin skipping request as it is inside n
ode_modules ./chunker
2026-03-04T08:55:04.877Z next:jsconfig-path
s-plugin skipping request as it is inside n
ode_modules ./base64url
2026-03-04T08:55:04.889Z next:jsconfig-path
s-plugin moduleName did not match any paths
 pattern @opentelemetry/api
2026-03-04T08:55:04.889Z next:jsconfig-path
s-plugin moduleName did not match any paths
 pattern @opentelemetry/api
2026-03-04T08:55:04.892Z next:jsconfig-path
s-plugin skipping request as it is inside n
ode_modules ./utils
2026-03-04T08:55:04.892Z next:jsconfig-path
s-plugin skipping request as it is inside n
ode_modules ./utils
2026-03-04T08:55:04.901Z next:jsconfig-path
s-plugin skipping request as it is inside n
ode_modules ./FunctionsClient
2026-03-04T08:55:04.901Z next:jsconfig-path
s-plugin skipping request as it is inside n
ode_modules ./types
2026-03-04T08:55:04.901Z next:jsconfig-path
s-plugin skipping request as it is inside n
ode_modules ./RealtimeClient
2026-03-04T08:55:04.901Z next:jsconfig-path
s-plugin skipping request as it is inside n
ode_modules ./RealtimeChannel
2026-03-04T08:55:04.901Z next:jsconfig-path
s-plugin skipping request as it is inside n
ode_modules ./RealtimePresence
2026-03-04T08:55:04.901Z next:jsconfig-path
s-plugin skipping request as it is inside n
ode_modules ./lib/websocket-factory
2026-03-04T08:55:04.901Z next:jsconfig-path
s-plugin skipping request as it is inside n
ode_modules ./GoTrueAdminApi
2026-03-04T08:55:04.901Z next:jsconfig-path
s-plugin skipping request as it is inside n
ode_modules ./GoTrueClient
2026-03-04T08:55:04.901Z next:jsconfig-path
s-plugin skipping request as it is inside n
ode_modules ./AuthAdminApi
2026-03-04T08:55:04.901Z next:jsconfig-path
s-plugin skipping request as it is inside n
ode_modules ./AuthClient
2026-03-04T08:55:04.901Z next:jsconfig-path
s-plugin skipping request as it is inside n
ode_modules ./lib/types
2026-03-04T08:55:04.902Z next:jsconfig-path
s-plugin skipping request as it is inside n
ode_modules ./lib/errors
2026-03-04T08:55:04.902Z next:jsconfig-path
s-plugin skipping request as it is inside n
ode_modules ./lib/locks
2026-03-04T08:55:04.903Z next:jsconfig-path
s-plugin skipping request as it is inside n
ode_modules ./FunctionsClient
2026-03-04T08:55:04.903Z next:jsconfig-path
s-plugin skipping request as it is inside n
ode_modules ./types
2026-03-04T08:55:04.903Z next:jsconfig-path
s-plugin skipping request as it is inside n
ode_modules ./RealtimeClient
2026-03-04T08:55:04.903Z next:jsconfig-path
s-plugin skipping request as it is inside n
ode_modules ./RealtimeChannel
2026-03-04T08:55:04.903Z next:jsconfig-path
s-plugin skipping request as it is inside n
ode_modules ./RealtimePresence
2026-03-04T08:55:04.903Z next:jsconfig-path
s-plugin skipping request as it is inside n
ode_modules ./GoTrueAdminApi
2026-03-04T08:55:04.903Z next:jsconfig-path
s-plugin skipping request as it is inside n
ode_modules ./GoTrueClient
2026-03-04T08:55:04.903Z next:jsconfig-path
s-plugin skipping request as it is inside n
ode_modules ./AuthAdminApi
2026-03-04T08:55:04.903Z next:jsconfig-path
s-plugin skipping request as it is inside n
ode_modules ./AuthClient
2026-03-04T08:55:04.903Z next:jsconfig-path
s-plugin skipping request as it is inside n
ode_modules ./lib/websocket-factory
2026-03-04T08:55:04.903Z next:jsconfig-path
s-plugin skipping request as it is inside n
ode_modules ./lib/types
2026-03-04T08:55:04.903Z next:jsconfig-path
s-plugin skipping request as it is inside n
ode_modules ./lib/errors
2026-03-04T08:55:04.903Z next:jsconfig-path
s-plugin skipping request as it is inside n
ode_modules ./lib/locks
2026-03-04T08:55:04.909Z next:jsconfig-path
s-plugin skipping request as it is inside n
ode_modules ./helper
2026-03-04T08:55:04.909Z next:jsconfig-path
s-plugin skipping request as it is inside n
ode_modules ./types
2026-03-04T08:55:04.909Z next:jsconfig-path
s-plugin skipping request as it is inside n
ode_modules ./lib/websocket-factory
2026-03-04T08:55:04.910Z next:jsconfig-path
s-plugin skipping request as it is inside n
ode_modules ./lib/constants
2026-03-04T08:55:04.910Z next:jsconfig-path
s-plugin skipping request as it is inside n
ode_modules ./lib/serializer
2026-03-04T08:55:04.910Z next:jsconfig-path
s-plugin skipping request as it is inside n
ode_modules ./lib/timer
2026-03-04T08:55:04.910Z next:jsconfig-path
s-plugin skipping request as it is inside n
ode_modules ./lib/transformers
2026-03-04T08:55:04.910Z next:jsconfig-path
s-plugin skipping request as it is inside n
ode_modules ./RealtimeChannel
2026-03-04T08:55:04.910Z next:jsconfig-path
s-plugin skipping request as it is inside n
ode_modules ./lib/constants
2026-03-04T08:55:04.910Z next:jsconfig-path
s-plugin skipping request as it is inside n
ode_modules ./lib/push
2026-03-04T08:55:04.910Z next:jsconfig-path
s-plugin skipping request as it is inside n
ode_modules ./lib/timer
2026-03-04T08:55:04.910Z next:jsconfig-path
s-plugin skipping request as it is inside n
ode_modules ./RealtimePresence
2026-03-04T08:55:04.910Z next:jsconfig-path
s-plugin skipping request as it is inside n
ode_modules ./lib/transformers
2026-03-04T08:55:04.910Z next:jsconfig-path
s-plugin skipping request as it is inside n
ode_modules ./lib/fetch
2026-03-04T08:55:04.910Z next:jsconfig-path
s-plugin skipping request as it is inside n
ode_modules ./lib/helpers
2026-03-04T08:55:04.910Z next:jsconfig-path
s-plugin skipping request as it is inside n
ode_modules ./lib/types
2026-03-04T08:55:04.910Z next:jsconfig-path
s-plugin skipping request as it is inside n
ode_modules ./lib/errors
2026-03-04T08:55:04.910Z next:jsconfig-path
s-plugin skipping request as it is inside n
ode_modules ./GoTrueAdminApi
2026-03-04T08:55:04.910Z next:jsconfig-path
s-plugin skipping request as it is inside n
ode_modules ./lib/constants
2026-03-04T08:55:04.910Z next:jsconfig-path
s-plugin skipping request as it is inside n
ode_modules ./lib/errors
2026-03-04T08:55:04.910Z next:jsconfig-path
s-plugin skipping request as it is inside n
ode_modules ./lib/fetch
2026-03-04T08:55:04.910Z next:jsconfig-path
s-plugin skipping request as it is inside n
ode_modules ./lib/helpers
2026-03-04T08:55:04.910Z next:jsconfig-path
s-plugin skipping request as it is inside n
ode_modules ./lib/local-storage
2026-03-04T08:55:04.910Z next:jsconfig-path
s-plugin skipping request as it is inside n
ode_modules ./lib/locks
2026-03-04T08:55:04.910Z next:jsconfig-path
s-plugin skipping request as it is inside n
ode_modules ./lib/polyfills
2026-03-04T08:55:04.910Z next:jsconfig-path
s-plugin skipping request as it is inside n
ode_modules ./lib/version
2026-03-04T08:55:04.910Z next:jsconfig-path
s-plugin skipping request as it is inside n
ode_modules ./lib/base64url
2026-03-04T08:55:04.910Z next:jsconfig-path
s-plugin skipping request as it is inside n
ode_modules ./lib/web3/ethereum
2026-03-04T08:55:04.910Z next:jsconfig-path
s-plugin skipping request as it is inside n
ode_modules ./lib/webauthn
2026-03-04T08:55:04.910Z next:jsconfig-path
s-plugin skipping request as it is inside n
ode_modules ./GoTrueAdminApi
2026-03-04T08:55:04.911Z next:jsconfig-path
s-plugin skipping request as it is inside n
ode_modules ./GoTrueClient
2026-03-04T08:55:04.911Z next:jsconfig-path
s-plugin skipping request as it is inside n
ode_modules ./helpers
2026-03-04T08:55:04.912Z next:jsconfig-path
s-plugin skipping request as it is inside n
ode_modules ./helper
2026-03-04T08:55:04.912Z next:jsconfig-path
s-plugin skipping request as it is inside n
ode_modules ./types
2026-03-04T08:55:04.912Z next:jsconfig-path
s-plugin skipping request as it is inside n
ode_modules ./RealtimeChannel
2026-03-04T08:55:04.912Z next:jsconfig-path
s-plugin skipping request as it is inside n
ode_modules ./RealtimePresence
2026-03-04T08:55:04.912Z next:jsconfig-path
s-plugin skipping request as it is inside n
ode_modules ./GoTrueAdminApi
2026-03-04T08:55:04.912Z next:jsconfig-path
s-plugin skipping request as it is inside n
ode_modules ./GoTrueAdminApi
2026-03-04T08:55:04.912Z next:jsconfig-path
s-plugin skipping request as it is inside n
ode_modules ./GoTrueClient
2026-03-04T08:55:04.912Z next:jsconfig-path
s-plugin skipping request as it is inside n
ode_modules ./lib/websocket-factory
2026-03-04T08:55:04.912Z next:jsconfig-path
s-plugin skipping request as it is inside n
ode_modules ./lib/constants
2026-03-04T08:55:04.912Z next:jsconfig-path
s-plugin skipping request as it is inside n
ode_modules ./lib/serializer
2026-03-04T08:55:04.912Z next:jsconfig-path
s-plugin skipping request as it is inside n
ode_modules ./lib/timer
2026-03-04T08:55:04.912Z next:jsconfig-path
s-plugin skipping request as it is inside n
ode_modules ./lib/transformers
2026-03-04T08:55:04.912Z next:jsconfig-path
s-plugin skipping request as it is inside n
ode_modules ./lib/constants
2026-03-04T08:55:04.912Z next:jsconfig-path
s-plugin skipping request as it is inside n
ode_modules ./lib/push
2026-03-04T08:55:04.912Z next:jsconfig-path
s-plugin skipping request as it is inside n
ode_modules ./lib/timer
2026-03-04T08:55:04.912Z next:jsconfig-path
s-plugin skipping request as it is inside n
ode_modules ./lib/transformers
2026-03-04T08:55:04.912Z next:jsconfig-path
s-plugin skipping request as it is inside n
ode_modules ./lib/fetch
2026-03-04T08:55:04.912Z next:jsconfig-path
s-plugin skipping request as it is inside n
ode_modules ./lib/helpers
2026-03-04T08:55:04.912Z next:jsconfig-path
s-plugin skipping request as it is inside n
ode_modules ./lib/types
2026-03-04T08:55:04.912Z next:jsconfig-path
s-plugin skipping request as it is inside n
ode_modules ./lib/errors
2026-03-04T08:55:04.912Z next:jsconfig-path
s-plugin skipping request as it is inside n
ode_modules ./lib/constants
2026-03-04T08:55:04.912Z next:jsconfig-path
s-plugin skipping request as it is inside n
ode_modules ./lib/errors
2026-03-04T08:55:04.913Z next:jsconfig-path
s-plugin skipping request as it is inside n
ode_modules ./lib/fetch
2026-03-04T08:55:04.913Z next:jsconfig-path
s-plugin skipping request as it is inside n
ode_modules ./lib/helpers
2026-03-04T08:55:04.913Z next:jsconfig-path
s-plugin skipping request as it is inside n
ode_modules ./lib/local-storage
2026-03-04T08:55:04.913Z next:jsconfig-path
s-plugin skipping request as it is inside n
ode_modules ./lib/locks
2026-03-04T08:55:04.913Z next:jsconfig-path
s-plugin skipping request as it is inside n
ode_modules ./lib/polyfills
2026-03-04T08:55:04.913Z next:jsconfig-path
s-plugin skipping request as it is inside n
ode_modules ./lib/version
2026-03-04T08:55:04.913Z next:jsconfig-path
s-plugin skipping request as it is inside n
ode_modules ./lib/base64url
2026-03-04T08:55:04.913Z next:jsconfig-path
s-plugin skipping request as it is inside n
ode_modules ./lib/webauthn
2026-03-04T08:55:04.913Z next:jsconfig-path
s-plugin skipping request as it is inside n
ode_modules ./lib/web3/ethereum
2026-03-04T08:55:04.913Z next:jsconfig-path
s-plugin skipping request as it is inside n
ode_modules ./helpers
2026-03-04T08:55:04.925Z next:jsconfig-path
s-plugin skipping request as it is inside n
ode_modules ./version
2026-03-04T08:55:04.925Z next:jsconfig-path
s-plugin skipping request as it is inside n
ode_modules ../lib/constants
2026-03-04T08:55:04.925Z next:jsconfig-path
s-plugin skipping request as it is inside n
ode_modules ./constants
2026-03-04T08:55:04.925Z next:jsconfig-path
s-plugin skipping request as it is inside n
ode_modules ./helpers
2026-03-04T08:55:04.925Z next:jsconfig-path
s-plugin skipping request as it is inside n
ode_modules ./errors
2026-03-04T08:55:04.925Z next:jsconfig-path
s-plugin skipping request as it is inside n
ode_modules ./constants
2026-03-04T08:55:04.925Z next:jsconfig-path
s-plugin skipping request as it is inside n
ode_modules ./errors
2026-03-04T08:55:04.925Z next:jsconfig-path
s-plugin skipping request as it is inside n
ode_modules ./base64url
2026-03-04T08:55:04.925Z next:jsconfig-path
s-plugin skipping request as it is inside n
ode_modules ./version
2026-03-04T08:55:04.925Z next:jsconfig-path
s-plugin skipping request as it is inside n
ode_modules ./base64url
2026-03-04T08:55:04.925Z next:jsconfig-path
s-plugin skipping request as it is inside n
ode_modules ./errors
2026-03-04T08:55:04.925Z next:jsconfig-path
s-plugin skipping request as it is inside n
ode_modules ./helpers
2026-03-04T08:55:04.925Z next:jsconfig-path
s-plugin skipping request as it is inside n
ode_modules ./webauthn.errors
2026-03-04T08:55:04.926Z next:jsconfig-path
s-plugin skipping request as it is inside n
ode_modules ./version
2026-03-04T08:55:04.926Z next:jsconfig-path
s-plugin skipping request as it is inside n
ode_modules ../lib/constants
2026-03-04T08:55:04.926Z next:jsconfig-path
s-plugin skipping request as it is inside n
ode_modules ./constants
2026-03-04T08:55:04.926Z next:jsconfig-path
s-plugin skipping request as it is inside n
ode_modules ./helpers
2026-03-04T08:55:04.926Z next:jsconfig-path
s-plugin skipping request as it is inside n
ode_modules ./errors
2026-03-04T08:55:04.926Z next:jsconfig-path
s-plugin skipping request as it is inside n
ode_modules ./constants
2026-03-04T08:55:04.926Z next:jsconfig-path
s-plugin skipping request as it is inside n
ode_modules ./errors
2026-03-04T08:55:04.926Z next:jsconfig-path
s-plugin skipping request as it is inside n
ode_modules ./base64url
2026-03-04T08:55:04.926Z next:jsconfig-path
s-plugin skipping request as it is inside n
ode_modules ./version
2026-03-04T08:55:04.926Z next:jsconfig-path
s-plugin skipping request as it is inside n
ode_modules ./base64url
2026-03-04T08:55:04.926Z next:jsconfig-path
s-plugin skipping request as it is inside n
ode_modules ./errors
2026-03-04T08:55:04.926Z next:jsconfig-path
s-plugin skipping request as it is inside n
ode_modules ./helpers
2026-03-04T08:55:04.926Z next:jsconfig-path
s-plugin skipping request as it is inside n
ode_modules ./webauthn.errors
2026-03-04T08:55:04.934Z next:jsconfig-path
s-plugin skipping request as it is inside n
ode_modules ./webauthn
2026-03-04T08:55:04.934Z next:jsconfig-path
s-plugin skipping request as it is inside n
ode_modules ./webauthn
2026-03-04T08:55:04.982Z next:jsconfig-path
s-plugin moduleName did not match any paths
 pattern react-server-dom-webpack/server.ed
ge
2026-03-04T08:55:04.982Z next:jsconfig-path
s-plugin moduleName did not match any paths
 pattern react-server-dom-webpack/server.ed
ge
2026-03-04T08:55:04.988Z next:jsconfig-path
s-plugin moduleName did not match any paths
 pattern react-server-dom-webpack/server.ed
ge
2026-03-04T08:55:04.989Z next:jsconfig-path
s-plugin moduleName did not match any paths
 pattern react-server-dom-webpack/server.ed
ge
2026-03-04T08:55:04.990Z next:jsconfig-path
s-plugin moduleName did not match any paths
 pattern __barrel_optimize__
2026-03-04T08:55:05.002Z next:jsconfig-path
s-plugin moduleName did not match any paths
 pattern __barrel_optimize__
2026-03-04T08:55:05.016Z next:jsconfig-path
s-plugin moduleName did not match any paths
 pattern react-server-dom-webpack/server.ed
ge
2026-03-04T08:55:05.016Z next:jsconfig-path
s-plugin moduleName did not match any paths
 pattern react-server-dom-webpack/server.ed
ge
2026-03-04T08:55:05.016Z next:jsconfig-path
s-plugin moduleName did not match any paths
 pattern react-server-dom-webpack/server.ed
ge
2026-03-04T08:55:05.016Z next:jsconfig-path
s-plugin moduleName did not match any paths
 pattern react-server-dom-webpack/server.ed
ge
2026-03-04T08:55:05.016Z next:jsconfig-path
s-plugin moduleName did not match any paths
 pattern react-server-dom-webpack/server.ed
ge
2026-03-04T08:55:05.016Z next:jsconfig-path
s-plugin moduleName did not match any paths
 pattern react-server-dom-webpack/server.ed
ge
2026-03-04T08:55:05.016Z next:jsconfig-path
s-plugin moduleName did not match any paths
 pattern react-server-dom-webpack/server.ed
ge
2026-03-04T08:55:05.016Z next:jsconfig-path
s-plugin moduleName did not match any paths
 pattern react-server-dom-webpack/server.ed
ge
2026-03-04T08:55:05.016Z next:jsconfig-path
s-plugin moduleName did not match any paths
 pattern react-server-dom-webpack/server.ed
ge
2026-03-04T08:55:05.017Z next:jsconfig-path
s-plugin moduleName did not match any paths
 pattern __barrel_optimize__
2026-03-04T08:55:05.017Z next:jsconfig-path
s-plugin moduleName did not match any paths
 pattern react-server-dom-webpack/server.ed
ge
2026-03-04T08:55:05.017Z next:jsconfig-path
s-plugin moduleName did not match any paths
 pattern react-server-dom-webpack/server.ed
ge
2026-03-04T08:55:05.017Z next:jsconfig-path
s-plugin moduleName did not match any paths
 pattern react-server-dom-webpack/server.ed
ge
2026-03-04T08:55:05.017Z next:jsconfig-path
s-plugin moduleName did not match any paths
 pattern react-server-dom-webpack/server.ed
ge
2026-03-04T08:55:05.018Z next:jsconfig-path
s-plugin moduleName did not match any paths
 pattern react-server-dom-webpack/server.ed
ge
2026-03-04T08:55:05.018Z next:jsconfig-path
s-plugin moduleName did not match any paths
 pattern react-server-dom-webpack/server.ed
ge
2026-03-04T08:55:05.018Z next:jsconfig-path
s-plugin moduleName did not match any paths
 pattern react-server-dom-webpack/server.ed
ge
2026-03-04T08:55:05.018Z next:jsconfig-path
s-plugin moduleName did not match any paths
 pattern react-server-dom-webpack/server.ed
ge
2026-03-04T08:55:05.018Z next:jsconfig-path
s-plugin moduleName did not match any paths
 pattern react-server-dom-webpack/server.ed
ge
2026-03-04T08:55:05.019Z next:jsconfig-path
s-plugin moduleName did not match any paths
 pattern react-server-dom-webpack/server.ed
ge
2026-03-04T08:55:05.019Z next:jsconfig-path
s-plugin moduleName did not match any paths
 pattern react-server-dom-webpack/server.ed
ge
2026-03-04T08:55:05.020Z next:jsconfig-path
s-plugin moduleName did not match any paths
 pattern react-server-dom-webpack/server.ed
ge
2026-03-04T08:55:05.020Z next:jsconfig-path
s-plugin moduleName did not match any paths
 pattern react-server-dom-webpack/server.ed
ge
2026-03-04T08:55:05.020Z next:jsconfig-path
s-plugin moduleName did not match any paths
 pattern react-server-dom-webpack/server.ed
ge
2026-03-04T08:55:05.020Z next:jsconfig-path
s-plugin moduleName did not match any paths
 pattern react-server-dom-webpack/server.ed
ge
2026-03-04T08:55:05.020Z next:jsconfig-path
s-plugin moduleName did not match any paths
 pattern react-server-dom-webpack/server.ed
ge
2026-03-04T08:55:05.020Z next:jsconfig-path
s-plugin moduleName did not match any paths
 pattern react-server-dom-webpack/server.ed
ge
2026-03-04T08:55:05.020Z next:jsconfig-path
s-plugin moduleName did not match any paths
 pattern react-server-dom-webpack/server.ed
ge
2026-03-04T08:55:05.021Z next:jsconfig-path
s-plugin moduleName did not match any paths
 pattern react-server-dom-webpack/server.ed
ge
2026-03-04T08:55:05.021Z next:jsconfig-path
s-plugin moduleName did not match any paths
 pattern react-server-dom-webpack/server.ed
ge
2026-03-04T08:55:05.022Z next:jsconfig-path
s-plugin moduleName did not match any paths
 pattern react-server-dom-webpack/server.ed
ge
2026-03-04T08:55:05.022Z next:jsconfig-path
s-plugin moduleName did not match any paths
 pattern react-server-dom-webpack/server.ed
ge
2026-03-04T08:55:05.022Z next:jsconfig-path
s-plugin moduleName did not match any paths
 pattern react-server-dom-webpack/server.ed
ge
2026-03-04T08:55:05.022Z next:jsconfig-path
s-plugin moduleName did not match any paths
 pattern react-server-dom-webpack/server.ed
ge
2026-03-04T08:55:05.023Z next:jsconfig-path
s-plugin moduleName did not match any paths
 pattern react-server-dom-webpack/server.ed
ge
2026-03-04T08:55:05.023Z next:jsconfig-path
s-plugin moduleName did not match any paths
 pattern react-server-dom-webpack/server.ed
ge
2026-03-04T08:55:05.023Z next:jsconfig-path
s-plugin moduleName did not match any paths
 pattern react-server-dom-webpack/server.ed
ge
2026-03-04T08:55:05.044Z next:jsconfig-path
s-plugin moduleName did not match any paths
 pattern private-next-rsc-server-reference
2026-03-04T08:55:05.044Z next:jsconfig-path
s-plugin moduleName did not match any paths
 pattern private-next-rsc-action-encryption
2026-03-04T08:55:05.044Z next:jsconfig-path
s-plugin moduleName did not match any paths
 pattern private-next-rsc-action-validate
2026-03-04T08:55:05.084Z next:jsconfig-path
s-plugin moduleName did not match any paths
 pattern private-next-rsc-action-encryption
2026-03-04T08:55:05.086Z next:jsconfig-path
s-plugin moduleName did not match any paths
 pattern __barrel_optimize__
2026-03-04T08:55:05.087Z next:jsconfig-path
s-plugin moduleName did not match any paths
 pattern __barrel_optimize__
2026-03-04T08:55:05.087Z next:jsconfig-path
s-plugin moduleName did not match any paths
 pattern __barrel_optimize__
2026-03-04T08:55:05.088Z next:jsconfig-path
s-plugin moduleName did not match any paths
 pattern __barrel_optimize__
2026-03-04T08:55:05.088Z next:jsconfig-path
s-plugin moduleName did not match any paths
 pattern __barrel_optimize__
2026-03-04T08:55:05.088Z next:jsconfig-path
s-plugin moduleName did not match any paths
 pattern __barrel_optimize__
2026-03-04T08:55:05.089Z next:jsconfig-path
s-plugin moduleName did not match any paths
 pattern __barrel_optimize__
2026-03-04T08:55:05.090Z next:jsconfig-path
s-plugin moduleName did not match any paths
 pattern __barrel_optimize__
2026-03-04T08:55:05.090Z next:jsconfig-path
s-plugin moduleName did not match any paths
 pattern __barrel_optimize__
2026-03-04T08:55:05.097Z next:jsconfig-path
s-plugin moduleName did not match any paths
 pattern private-next-rsc-server-reference
2026-03-04T08:55:05.098Z next:jsconfig-path
s-plugin moduleName did not match any paths
 pattern private-next-rsc-action-validate
2026-03-04T08:55:05.098Z next:jsconfig-path
s-plugin moduleName did not match any paths
 pattern private-next-rsc-action-encryption
2026-03-04T08:55:05.099Z next:jsconfig-path
s-plugin moduleName did not match any paths
 pattern private-next-rsc-action-encryption
2026-03-04T08:55:05.102Z next:jsconfig-path
s-plugin moduleName did not match any paths
 pattern private-next-rsc-server-reference
2026-03-04T08:55:05.103Z next:jsconfig-path
s-plugin moduleName did not match any paths
 pattern private-next-rsc-action-validate
2026-03-04T08:55:05.103Z next:jsconfig-path
s-plugin moduleName did not match any paths
 pattern private-next-rsc-server-reference
2026-03-04T08:55:05.104Z next:jsconfig-path
s-plugin moduleName did not match any paths
 pattern private-next-rsc-action-validate
2026-03-04T08:55:05.547Z next:build:webpack
-build server compiler finished 2102ms
2026-03-04T08:55:07.452Z next:jsconfig-path
s-plugin tsconfig.json or jsconfig.json pat
hs: { '@/*': [ './src/*' ] }
2026-03-04T08:55:07.454Z next:jsconfig-path
s-plugin resolved baseUrl: {
  baseUrl: 'C:\\Users\\ydi10\\Downloads\\st
udy materials',
  isImplicit: true
}
2026-03-04T08:55:07.468Z next:jsconfig-path
s-plugin tsconfig.json or jsconfig.json pat
hs: { '@/*': [ './src/*' ] }
2026-03-04T08:55:07.468Z next:jsconfig-path
s-plugin resolved baseUrl: {
  baseUrl: 'C:\\Users\\ydi10\\Downloads\\st
udy materials',
  isImplicit: true
}
2026-03-04T08:55:07.510Z next:jsconfig-path
s-plugin tsconfig.json or jsconfig.json pat
hs: { '@/*': [ './src/*' ] }
2026-03-04T08:55:07.510Z next:jsconfig-path
s-plugin resolved baseUrl: {
  baseUrl: 'C:\\Users\\ydi10\\Downloads\\st
udy materials',
  isImplicit: true
}
2026-03-04T08:55:07.624Z next:build:webpack
-build starting compiler edge-server
2026-03-04T08:55:07.624Z next:build:webpack
-build starting edge-server compiler
2026-03-04T08:55:08.421Z next:build:webpack
-build edge-server compiler finished 797ms
2026-03-04T08:55:10.317Z next:jsconfig-path
s-plugin tsconfig.json or jsconfig.json pat
hs: { '@/*': [ './src/*' ] }
2026-03-04T08:55:10.320Z next:jsconfig-path
s-plugin resolved baseUrl: {
  baseUrl: 'C:\\Users\\ydi10\\Downloads\\st
udy materials',
  isImplicit: true
}
2026-03-04T08:55:10.333Z next:jsconfig-path
s-plugin tsconfig.json or jsconfig.json pat
hs: { '@/*': [ './src/*' ] }
2026-03-04T08:55:10.334Z next:jsconfig-path
s-plugin resolved baseUrl: {
  baseUrl: 'C:\\Users\\ydi10\\Downloads\\st
udy materials',
  isImplicit: true
}
2026-03-04T08:55:10.373Z next:jsconfig-path
s-plugin tsconfig.json or jsconfig.json pat
hs: { '@/*': [ './src/*' ] }
2026-03-04T08:55:10.373Z next:jsconfig-path
s-plugin resolved baseUrl: {
  baseUrl: 'C:\\Users\\ydi10\\Downloads\\st
udy materials',
  isImplicit: true
}
2026-03-04T08:55:10.476Z next:build:webpack
-build starting compiler client
2026-03-04T08:55:10.476Z next:build:webpack
-build starting client compiler
2026-03-04T08:55:11.567Z next:build:webpack
-build client compiler finished 1090ms
 笨・Compiled successfully
   Linting and checking validity of types ...
   Collecting page data ...
2026-03-04T08:55:17.555Z next:build:build-t
races starting build traces
   Generating static pages (0/4) ...
   Generating static pages (1/4) 
   Generating static pages (2/4) 
   Generating static pages (3/4) 
 笨・Generating static pages (4/4)
   Finalizing page optimization ...
   Collecting build traces ...
2026-03-04T08:55:29.172Z next:build:build-t
races finished build tracing 11617ms

Route (app)                                 Size  First Load JS
笏・ﾆ・/                                    3.34 kB         112 kB
笏・ﾆ・/_not-found                            977 B         101 kB
笏・ﾆ・/login                               2.64 kB         103 kB
笏・ﾆ・/textbook/[id]                       3.09 kB         111 kB
笏・ﾆ・/viewer/[id]                          112 kB         212 kB
+ First Load JS shared by all             101 kB
  笏・chunks/4bd1b696-cfa29ce22b37d922.js  53.3 kB
  笏・chunks/684-ce45e3ef247e1bb0.js       45.3 kB
  笏・other shared chunks (total)          1.99 kB


ﾆ・Middleware                             80.6 kB

ﾆ・ (Dynamic)  server-rendered on demand

